123.31.24.16 - - [19/Apr/2018:08:43:44 +0000] "POST /in/empty-coins HTTP/1.1" 200 94 "-" "-" "-"
115.78.5.187 - - [19/Apr/2018:08:48:34 +0000] "OPTIONS /api/users/login HTTP/1.1" 200 5 "-" "Mozilla/5.0 (Macintosh; Intel Mac OS X 10_13_4) AppleWebKit/537.36 (KHTML, like Gecko) Chrome/65.0.3325.181 Safari/537.36" "-"
115.78.5.187 - - [19/Apr/2018:08:48:35 +0000] "POST /api/users/login HTTP/1.1" 200 1101 "https://gamebaionline.club/" "Mozilla/5.0 (Macintosh; Intel Mac OS X 10_13_4) AppleWebKit/537.36 (KHTML, like Gecko) Chrome/65.0.3325.181 Safari/537.36" "-"
123.31.24.16 - - [19/Apr/2018:08:48:36 +0000] "POST /in/empty-coins HTTP/1.1" 200 94 "-" "-" "-"
115.78.5.187 - - [19/Apr/2018:08:48:54 +0000] "OPTIONS /api/users/login HTTP/1.1" 200 5 "-" "Mozilla/5.0 (Macintosh; Intel Mac OS X 10_13_4) AppleWebKit/537.36 (KHTML, like Gecko) Chrome/65.0.3325.181 Safari/537.36" "-"
115.78.5.187 - - [19/Apr/2018:08:48:55 +0000] "POST /api/users/login HTTP/1.1" 200 1102 "https://gamebaionline.club/" "Mozilla/5.0 (Macintosh; Intel Mac OS X 10_13_4) AppleWebKit/537.36 (KHTML, like Gecko) Chrome/65.0.3325.181 Safari/537.36" "-"
115.78.5.187 - - [19/Apr/2018:08:54:22 +0000] "OPTIONS /api/users/login HTTP/1.1" 200 5 "-" "Mozilla/5.0 (Windows NT 10.0; Win64; x64) AppleWebKit/537.36 (KHTML, like Gecko) Chrome/65.0.3325.181 Safari/537.36" "-"
115.78.5.187 - - [19/Apr/2018:08:54:23 +0000] "POST /api/users/login HTTP/1.1" 200 136 "https://cavangtyphu.com/" "Mozilla/5.0 (Windows NT 10.0; Win64; x64) AppleWebKit/537.36 (KHTML, like Gecko) Chrome/65.0.3325.181 Safari/537.36" "-"
115.78.5.187 - - [19/Apr/2018:08:54:28 +0000] "POST /api/users/login HTTP/1.1" 200 1106 "https://cavangtyphu.com/" "Mozilla/5.0 (Windows NT 10.0; Win64; x64) AppleWebKit/537.36 (KHTML, like Gecko) Chrome/65.0.3325.181 Safari/537.36" "-"
123.31.24.16 - - [19/Apr/2018:08:54:28 +0000] "POST /in/empty-coins HTTP/1.1" 200 94 "-" "-" "-"
115.78.5.187 - - [19/Apr/2018:08:56:36 +0000] "OPTIONS /api/users/login HTTP/1.1" 200 5 "-" "Mozilla/5.0 (Windows NT 10.0; Win64; x64) AppleWebKit/537.36 (KHTML, like Gecko) Chrome/65.0.3325.181 Safari/537.36" "-"
115.78.5.187 - - [19/Apr/2018:08:56:36 +0000] "POST /api/users/login HTTP/1.1" 200 1110 "https://cavangtyphu.com/" "Mozilla/5.0 (Windows NT 10.0; Win64; x64) AppleWebKit/537.36 (KHTML, like Gecko) Chrome/65.0.3325.181 Safari/537.36" "-"
123.31.24.16 - - [19/Apr/2018:08:56:37 +0000] "POST /in/empty-coins HTTP/1.1" 200 94 "-" "-" "-"
115.78.5.187 - - [19/Apr/2018:08:56:50 +0000] "OPTIONS /api/users/login HTTP/1.1" 200 5 "-" "Mozilla/5.0 (Windows NT 10.0; Win64; x64) AppleWebKit/537.36 (KHTML, like Gecko) Chrome/65.0.3325.181 Safari/537.36" "-"
115.78.5.187 - - [19/Apr/2018:08:56:51 +0000] "POST /api/users/login HTTP/1.1" 200 136 "https://cavangtyphu.com/" "Mozilla/5.0 (Windows NT 10.0; Win64; x64) AppleWebKit/537.36 (KHTML, like Gecko) Chrome/65.0.3325.181 Safari/537.36" "-"
115.78.5.187 - - [19/Apr/2018:08:56:55 +0000] "POST /api/users/login HTTP/1.1" 200 1102 "https://cavangtyphu.com/" "Mozilla/5.0 (Windows NT 10.0; Win64; x64) AppleWebKit/537.36 (KHTML, like Gecko) Chrome/65.0.3325.181 Safari/537.36" "-"
123.31.24.16 - - [19/Apr/2018:08:56:56 +0000] "POST /in/empty-coins HTTP/1.1" 200 94 "-" "-" "-"
113.172.238.33 - - [19/Apr/2018:09:01:43 +0000] "OPTIONS /api/users/login HTTP/1.1" 200 5 "-" "Mozilla/5.0 (Windows NT 6.1) AppleWebKit/537.36 (KHTML, like Gecko) Chrome/65.0.3325.181 Safari/537.36" "-"
113.172.238.33 - - [19/Apr/2018:09:01:43 +0000] "POST /api/users/login HTTP/1.1" 200 1097 "https://cavangtyphu.com/" "Mozilla/5.0 (Windows NT 6.1) AppleWebKit/537.36 (KHTML, like Gecko) Chrome/65.0.3325.181 Safari/537.36" "-"
123.31.24.16 - - [19/Apr/2018:09:01:44 +0000] "POST /in/empty-coins HTTP/1.1" 200 94 "-" "-" "-"
113.172.238.33 - - [19/Apr/2018:09:02:29 +0000] "OPTIONS /api/users/login HTTP/1.1" 200 5 "-" "Mozilla/5.0 (Windows NT 6.1) AppleWebKit/537.36 (KHTML, like Gecko) Chrome/65.0.3325.181 Safari/537.36" "-"
113.172.238.33 - - [19/Apr/2018:09:02:30 +0000] "POST /api/users/login HTTP/1.1" 200 1099 "https://cavangtyphu.com/" "Mozilla/5.0 (Windows NT 6.1) AppleWebKit/537.36 (KHTML, like Gecko) Chrome/65.0.3325.181 Safari/537.36" "-"
123.31.24.16 - - [19/Apr/2018:09:02:30 +0000] "POST /in/empty-coins HTTP/1.1" 200 94 "-" "-" "-"
115.78.5.187 - - [19/Apr/2018:09:04:22 +0000] "OPTIONS /api/users/login HTTP/1.1" 200 5 "-" "Mozilla/5.0 (Windows NT 10.0; Win64; x64) AppleWebKit/537.36 (KHTML, like Gecko) Chrome/65.0.3325.181 Safari/537.36" "-"
115.78.5.187 - - [19/Apr/2018:09:04:23 +0000] "POST /api/users/login HTTP/1.1" 200 1110 "https://cavangtyphu.com/" "Mozilla/5.0 (Windows NT 10.0; Win64; x64) AppleWebKit/537.36 (KHTML, like Gecko) Chrome/65.0.3325.181 Safari/537.36" "-"
123.31.24.16 - - [19/Apr/2018:09:04:23 +0000] "POST /in/empty-coins HTTP/1.1" 200 94 "-" "-" "-"
115.78.5.187 - - [19/Apr/2018:09:05:04 +0000] "OPTIONS /api/users/login HTTP/1.1" 200 5 "-" "Mozilla/5.0 (Windows NT 10.0; Win64; x64) AppleWebKit/537.36 (KHTML, like Gecko) Chrome/65.0.3325.181 Safari/537.36" "-"
115.78.5.187 - - [19/Apr/2018:09:05:04 +0000] "POST /api/users/login HTTP/1.1" 200 1109 "https://cavangtyphu.com/" "Mozilla/5.0 (Windows NT 10.0; Win64; x64) AppleWebKit/537.36 (KHTML, like Gecko) Chrome/65.0.3325.181 Safari/537.36" "-"
123.31.24.16 - - [19/Apr/2018:09:05:05 +0000] "POST /in/empty-coins HTTP/1.1" 200 94 "-" "-" "-"
115.78.5.187 - - [19/Apr/2018:09:05:52 +0000] "OPTIONS /api/users/login HTTP/1.1" 200 5 "-" "Mozilla/5.0 (Windows NT 10.0; Win64; x64) AppleWebKit/537.36 (KHTML, like Gecko) Chrome/65.0.3325.181 Safari/537.36" "-"
115.78.5.187 - - [19/Apr/2018:09:05:52 +0000] "POST /api/users/login HTTP/1.1" 200 1110 "https://cavangtyphu.com/" "Mozilla/5.0 (Windows NT 10.0; Win64; x64) AppleWebKit/537.36 (KHTML, like Gecko) Chrome/65.0.3325.181 Safari/537.36" "-"
123.31.24.16 - - [19/Apr/2018:09:05:53 +0000] "POST /in/empty-coins HTTP/1.1" 200 94 "-" "-" "-"
115.78.5.187 - - [19/Apr/2018:09:07:09 +0000] "OPTIONS /api/users/login HTTP/1.1" 200 5 "-" "Mozilla/5.0 (Windows NT 10.0; Win64; x64) AppleWebKit/537.36 (KHTML, like Gecko) Chrome/65.0.3325.181 Safari/537.36" "-"
115.78.5.187 - - [19/Apr/2018:09:07:09 +0000] "POST /api/users/login HTTP/1.1" 200 1108 "https://cavangtyphu.com/" "Mozilla/5.0 (Windows NT 10.0; Win64; x64) AppleWebKit/537.36 (KHTML, like Gecko) Chrome/65.0.3325.181 Safari/537.36" "-"
123.31.24.16 - - [19/Apr/2018:09:07:10 +0000] "POST /in/empty-coins HTTP/1.1" 200 94 "-" "-" "-"
113.172.238.33 - - [19/Apr/2018:09:08:16 +0000] "OPTIONS /api/users/login HTTP/1.1" 200 5 "-" "Mozilla/5.0 (Windows NT 6.1) AppleWebKit/537.36 (KHTML, like Gecko) Chrome/65.0.3325.181 Safari/537.36" "-"
113.172.238.33 - - [19/Apr/2018:09:08:17 +0000] "POST /api/users/login HTTP/1.1" 200 1097 "https://cavangtyphu.com/" "Mozilla/5.0 (Windows NT 6.1) AppleWebKit/537.36 (KHTML, like Gecko) Chrome/65.0.3325.181 Safari/537.36" "-"
123.31.24.16 - - [19/Apr/2018:09:08:18 +0000] "POST /in/empty-coins HTTP/1.1" 200 94 "-" "-" "-"
115.78.5.187 - - [19/Apr/2018:09:08:30 +0000] "OPTIONS /api/users/login HTTP/1.1" 200 5 "-" "Mozilla/5.0 (Windows NT 10.0; Win64; x64) AppleWebKit/537.36 (KHTML, like Gecko) Chrome/65.0.3325.181 Safari/537.36" "-"
115.78.5.187 - - [19/Apr/2018:09:08:30 +0000] "POST /api/users/login HTTP/1.1" 200 1113 "https://cavangtyphu.com/" "Mozilla/5.0 (Windows NT 10.0; Win64; x64) AppleWebKit/537.36 (KHTML, like Gecko) Chrome/65.0.3325.181 Safari/537.36" "-"
123.31.24.16 - - [19/Apr/2018:09:08:31 +0000] "POST /in/empty-coins HTTP/1.1" 200 94 "-" "-" "-"
115.78.5.187 - - [19/Apr/2018:09:09:19 +0000] "OPTIONS /api/users/login HTTP/1.1" 200 5 "-" "Mozilla/5.0 (Windows NT 10.0; Win64; x64) AppleWebKit/537.36 (KHTML, like Gecko) Chrome/65.0.3325.181 Safari/537.36" "-"
115.78.5.187 - - [19/Apr/2018:09:09:20 +0000] "POST /api/users/login HTTP/1.1" 500 514473 "https://cavangtyphu.com/" "Mozilla/5.0 (Windows NT 10.0; Win64; x64) AppleWebKit/537.36 (KHTML, like Gecko) Chrome/65.0.3325.181 Safari/537.36" "-"
115.78.5.187 - - [19/Apr/2018:09:09:28 +0000] "OPTIONS /api/users/login HTTP/1.1" 200 5 "-" "Mozilla/5.0 (Windows NT 10.0; Win64; x64) AppleWebKit/537.36 (KHTML, like Gecko) Chrome/65.0.3325.181 Safari/537.36" "-"
115.78.5.187 - - [19/Apr/2018:09:09:29 +0000] "POST /api/users/login HTTP/1.1" 500 514907 "https://cavangtyphu.com/" "Mozilla/5.0 (Windows NT 10.0; Win64; x64) AppleWebKit/537.36 (KHTML, like Gecko) Chrome/65.0.3325.181 Safari/537.36" "-"
115.78.5.187 - - [19/Apr/2018:09:09:32 +0000] "POST /api/users/login HTTP/1.1" 500 514871 "https://cavangtyphu.com/" "Mozilla/5.0 (Windows NT 10.0; Win64; x64) AppleWebKit/537.36 (KHTML, like Gecko) Chrome/65.0.3325.181 Safari/537.36" "-"
115.78.5.187 - - [19/Apr/2018:09:09:46 +0000] "OPTIONS /api/users/login HTTP/1.1" 200 5 "-" "Mozilla/5.0 (Windows NT 10.0; Win64; x64) AppleWebKit/537.36 (KHTML, like Gecko) Chrome/65.0.3325.181 Safari/537.36" "-"
115.78.5.187 - - [19/Apr/2018:09:09:47 +0000] "POST /api/users/login HTTP/1.1" 500 514906 "https://cavangtyphu.com/" "Mozilla/5.0 (Windows NT 10.0; Win64; x64) AppleWebKit/537.36 (KHTML, like Gecko) Chrome/65.0.3325.181 Safari/537.36" "-"
115.78.5.187 - - [19/Apr/2018:09:10:56 +0000] "OPTIONS /api/users/login HTTP/1.1" 200 5 "-" "Mozilla/5.0 (Windows NT 10.0; Win64; x64) AppleWebKit/537.36 (KHTML, like Gecko) Chrome/65.0.3325.181 Safari/537.36" "-"
115.78.5.187 - - [19/Apr/2018:09:10:56 +0000] "POST /api/users/login HTTP/1.1" 500 514910 "https://cavangtyphu.com/" "Mozilla/5.0 (Windows NT 10.0; Win64; x64) AppleWebKit/537.36 (KHTML, like Gecko) Chrome/65.0.3325.181 Safari/537.36" "-"
115.78.5.187 - - [19/Apr/2018:09:11:32 +0000] "OPTIONS /api/users/login HTTP/1.1" 200 5 "-" "Mozilla/5.0 (Windows NT 10.0; Win64; x64) AppleWebKit/537.36 (KHTML, like Gecko) Chrome/65.0.3325.181 Safari/537.36" "-"
115.78.5.187 - - [19/Apr/2018:09:11:32 +0000] "POST /api/users/login HTTP/1.1" 500 515283 "https://cavangtyphu.com/" "Mozilla/5.0 (Windows NT 10.0; Win64; x64) AppleWebKit/537.36 (KHTML, like Gecko) Chrome/65.0.3325.181 Safari/537.36" "-"
149.154.167.165 - - [19/Apr/2018:09:11:37 +0000] "GET /api/users/login:1 HTTP/1.1" 404 27204 "-" "TelegramBot (like TwitterBot)" "-"
103.7.38.91 - - [19/Apr/2018:09:11:53 +0000] "GET /api/users/login HTTP/1.1" 405 454139 "-" "Mozilla/5.0 (Linux; Android 8.0.0; SAMSUNG SM-N950F Build/R16NW) AppleWebKit/537.36 (KHTML, like Gecko) SamsungBrowser/7.0 Chrome/59.0.3071.125 Mobile Safari/537.36" "-"
103.7.38.91 - - [19/Apr/2018:09:11:54 +0000] "GET /_debugbar/assets/stylesheets?v=1522683303 HTTP/1.1" 200 211345 "https://api.gamebaionline.club/api/users/login" "Mozilla/5.0 (Linux; Android 8.0.0; SAMSUNG SM-N950F Build/R16NW) AppleWebKit/537.36 (KHTML, like Gecko) SamsungBrowser/7.0 Chrome/59.0.3071.125 Mobile Safari/537.36" "-"
103.7.38.91 - - [19/Apr/2018:09:11:54 +0000] "GET /_debugbar/assets/javascript?v=1522683303 HTTP/1.1" 200 370721 "https://api.gamebaionline.club/api/users/login" "Mozilla/5.0 (Linux; Android 8.0.0; SAMSUNG SM-N950F Build/R16NW) AppleWebKit/537.36 (KHTML, like Gecko) SamsungBrowser/7.0 Chrome/59.0.3071.125 Mobile Safari/537.36" "-"
115.78.5.187 - - [19/Apr/2018:09:12:39 +0000] "OPTIONS /api/users/login HTTP/1.1" 200 5 "-" "Mozilla/5.0 (Windows NT 10.0; Win64; x64) AppleWebKit/537.36 (KHTML, like Gecko) Chrome/65.0.3325.181 Safari/537.36" "-"
115.78.5.187 - - [19/Apr/2018:09:12:39 +0000] "POST /api/users/login HTTP/1.1" 500 515207 "https://cavangtyphu.com/" "Mozilla/5.0 (Windows NT 10.0; Win64; x64) AppleWebKit/537.36 (KHTML, like Gecko) Chrome/65.0.3325.181 Safari/537.36" "-"
115.78.5.187 - - [19/Apr/2018:09:14:49 +0000] "OPTIONS /api/users/login HTTP/1.1" 200 5 "-" "Mozilla/5.0 (Windows NT 10.0; Win64; x64) AppleWebKit/537.36 (KHTML, like Gecko) Chrome/65.0.3325.181 Safari/537.36" "-"
115.78.5.187 - - [19/Apr/2018:09:14:50 +0000] "POST /api/users/login HTTP/1.1" 500 514516 "https://cavangtyphu.com/" "Mozilla/5.0 (Windows NT 10.0; Win64; x64) AppleWebKit/537.36 (KHTML, like Gecko) Chrome/65.0.3325.181 Safari/537.36" "-"
115.78.5.187 - - [19/Apr/2018:09:15:18 +0000] "OPTIONS /api/users/login HTTP/1.1" 200 5 "-" "Mozilla/5.0 (Windows NT 10.0; Win64; x64) AppleWebKit/537.36 (KHTML, like Gecko) Chrome/65.0.3325.181 Safari/537.36" "-"
115.78.5.187 - - [19/Apr/2018:09:15:19 +0000] "POST /api/users/login HTTP/1.1" 500 514897 "https://cavangtyphu.com/" "Mozilla/5.0 (Windows NT 10.0; Win64; x64) AppleWebKit/537.36 (KHTML, like Gecko) Chrome/65.0.3325.181 Safari/537.36" "-"
115.78.5.187 - - [19/Apr/2018:09:15:25 +0000] "OPTIONS /api/users/login HTTP/1.1" 200 5 "-" "Mozilla/5.0 (Windows NT 10.0; Win64; x64) AppleWebKit/537.36 (KHTML, like Gecko) Chrome/65.0.3325.181 Safari/537.36" "-"
115.78.5.187 - - [19/Apr/2018:09:15:26 +0000] "POST /api/users/login HTTP/1.1" 500 514432 "https://cavangtyphu.com/" "Mozilla/5.0 (Windows NT 10.0; Win64; x64) AppleWebKit/537.36 (KHTML, like Gecko) Chrome/65.0.3325.181 Safari/537.36" "-"
115.78.5.187 - - [19/Apr/2018:09:16:31 +0000] "OPTIONS /api/users/login HTTP/1.1" 200 5 "-" "Mozilla/5.0 (Windows NT 10.0; Win64; x64) AppleWebKit/537.36 (KHTML, like Gecko) Chrome/65.0.3325.181 Safari/537.36" "-"
115.78.5.187 - - [19/Apr/2018:09:16:32 +0000] "POST /api/users/login HTTP/1.1" 200 1133 "https://cavangtyphu.com/" "Mozilla/5.0 (Windows NT 10.0; Win64; x64) AppleWebKit/537.36 (KHTML, like Gecko) Chrome/65.0.3325.181 Safari/537.36" "-"
123.31.24.16 - - [19/Apr/2018:09:16:33 +0000] "POST /in/empty-coins HTTP/1.1" 200 94 "-" "-" "-"
115.78.5.187 - - [19/Apr/2018:09:17:38 +0000] "OPTIONS /api/users/login HTTP/1.1" 200 5 "-" "Mozilla/5.0 (Windows NT 10.0; Win64; x64) AppleWebKit/537.36 (KHTML, like Gecko) Chrome/65.0.3325.181 Safari/537.36" "-"
115.78.5.187 - - [19/Apr/2018:09:17:39 +0000] "POST /api/users/login HTTP/1.1" 200 1135 "https://cavangtyphu.com/" "Mozilla/5.0 (Windows NT 10.0; Win64; x64) AppleWebKit/537.36 (KHTML, like Gecko) Chrome/65.0.3325.181 Safari/537.36" "-"
123.31.24.16 - - [19/Apr/2018:09:17:39 +0000] "POST /in/empty-coins HTTP/1.1" 200 94 "-" "-" "-"
115.78.5.187 - - [19/Apr/2018:09:18:24 +0000] "OPTIONS /api/users/login HTTP/1.1" 200 5 "-" "Mozilla/5.0 (Windows NT 10.0; Win64; x64) AppleWebKit/537.36 (KHTML, like Gecko) Chrome/65.0.3325.181 Safari/537.36" "-"
115.78.5.187 - - [19/Apr/2018:09:18:24 +0000] "POST /api/users/login HTTP/1.1" 200 1137 "https://cavangtyphu.com/" "Mozilla/5.0 (Windows NT 10.0; Win64; x64) AppleWebKit/537.36 (KHTML, like Gecko) Chrome/65.0.3325.181 Safari/537.36" "-"
123.31.24.16 - - [19/Apr/2018:09:18:25 +0000] "POST /in/empty-coins HTTP/1.1" 200 94 "-" "-" "-"
115.78.5.187 - - [19/Apr/2018:09:19:40 +0000] "OPTIONS /api/users/login HTTP/1.1" 200 5 "-" "Mozilla/5.0 (Windows NT 10.0; Win64; x64) AppleWebKit/537.36 (KHTML, like Gecko) Chrome/65.0.3325.181 Safari/537.36" "-"
115.78.5.187 - - [19/Apr/2018:09:19:41 +0000] "POST /api/users/login HTTP/1.1" 200 1107 "https://cavangtyphu.com/" "Mozilla/5.0 (Windows NT 10.0; Win64; x64) AppleWebKit/537.36 (KHTML, like Gecko) Chrome/65.0.3325.181 Safari/537.36" "-"
123.31.24.16 - - [19/Apr/2018:09:19:41 +0000] "POST /in/empty-coins HTTP/1.1" 200 94 "-" "-" "-"
115.78.5.187 - - [19/Apr/2018:09:20:04 +0000] "OPTIONS /api/users/login HTTP/1.1" 200 5 "-" "Mozilla/5.0 (Windows NT 10.0; Win64; x64) AppleWebKit/537.36 (KHTML, like Gecko) Chrome/65.0.3325.181 Safari/537.36" "-"
115.78.5.187 - - [19/Apr/2018:09:20:05 +0000] "POST /api/users/login HTTP/1.1" 200 1134 "https://cavangtyphu.com/" "Mozilla/5.0 (Windows NT 10.0; Win64; x64) AppleWebKit/537.36 (KHTML, like Gecko) Chrome/65.0.3325.181 Safari/537.36" "-"
123.31.24.16 - - [19/Apr/2018:09:20:06 +0000] "POST /in/empty-coins HTTP/1.1" 200 94 "-" "-" "-"
115.78.5.187 - - [19/Apr/2018:09:20:54 +0000] "OPTIONS /api/users/login HTTP/1.1" 200 5 "-" "Mozilla/5.0 (Windows NT 10.0; Win64; x64) AppleWebKit/537.36 (KHTML, like Gecko) Chrome/65.0.3325.181 Safari/537.36" "-"
115.78.5.187 - - [19/Apr/2018:09:20:55 +0000] "POST /api/users/login HTTP/1.1" 200 1133 "https://cavangtyphu.com/" "Mozilla/5.0 (Windows NT 10.0; Win64; x64) AppleWebKit/537.36 (KHTML, like Gecko) Chrome/65.0.3325.181 Safari/537.36" "-"
123.31.24.16 - - [19/Apr/2018:09:20:56 +0000] "POST /in/empty-coins HTTP/1.1" 200 94 "-" "-" "-"
115.78.5.187 - - [19/Apr/2018:09:22:33 +0000] "OPTIONS /api/users/login HTTP/1.1" 200 5 "-" "Mozilla/5.0 (Windows NT 10.0; Win64; x64) AppleWebKit/537.36 (KHTML, like Gecko) Chrome/65.0.3325.181 Safari/537.36" "-"
115.78.5.187 - - [19/Apr/2018:09:22:34 +0000] "POST /api/users/login HTTP/1.1" 200 1133 "https://cavangtyphu.com/" "Mozilla/5.0 (Windows NT 10.0; Win64; x64) AppleWebKit/537.36 (KHTML, like Gecko) Chrome/65.0.3325.181 Safari/537.36" "-"
123.31.24.16 - - [19/Apr/2018:09:22:35 +0000] "POST /in/empty-coins HTTP/1.1" 200 94 "-" "-" "-"
115.78.5.187 - - [19/Apr/2018:09:23:15 +0000] "OPTIONS /api/users/login HTTP/1.1" 200 5 "-" "Mozilla/5.0 (Windows NT 10.0; Win64; x64) AppleWebKit/537.36 (KHTML, like Gecko) Chrome/65.0.3325.181 Safari/537.36" "-"
115.78.5.187 - - [19/Apr/2018:09:23:16 +0000] "POST /api/users/login HTTP/1.1" 200 1135 "https://cavangtyphu.com/" "Mozilla/5.0 (Windows NT 10.0; Win64; x64) AppleWebKit/537.36 (KHTML, like Gecko) Chrome/65.0.3325.181 Safari/537.36" "-"
123.31.24.16 - - [19/Apr/2018:09:23:17 +0000] "POST /in/empty-coins HTTP/1.1" 200 94 "-" "-" "-"
115.78.5.187 - - [19/Apr/2018:09:24:53 +0000] "OPTIONS /api/users/login HTTP/1.1" 200 5 "-" "Mozilla/5.0 (Windows NT 10.0; Win64; x64) AppleWebKit/537.36 (KHTML, like Gecko) Chrome/65.0.3325.181 Safari/537.36" "-"
115.78.5.187 - - [19/Apr/2018:09:24:55 +0000] "POST /api/users/login HTTP/1.1" 200 1134 "https://cavangtyphu.com/" "Mozilla/5.0 (Windows NT 10.0; Win64; x64) AppleWebKit/537.36 (KHTML, like Gecko) Chrome/65.0.3325.181 Safari/537.36" "-"
123.31.24.16 - - [19/Apr/2018:09:24:55 +0000] "POST /in/empty-coins HTTP/1.1" 200 94 "-" "-" "-"
115.78.5.187 - - [19/Apr/2018:09:26:06 +0000] "OPTIONS /api/users/login HTTP/1.1" 200 5 "-" "Mozilla/5.0 (Windows NT 10.0; Win64; x64) AppleWebKit/537.36 (KHTML, like Gecko) Chrome/65.0.3325.181 Safari/537.36" "-"
115.78.5.187 - - [19/Apr/2018:09:26:07 +0000] "POST /api/users/login HTTP/1.1" 200 1132 "https://cavangtyphu.com/" "Mozilla/5.0 (Windows NT 10.0; Win64; x64) AppleWebKit/537.36 (KHTML, like Gecko) Chrome/65.0.3325.181 Safari/537.36" "-"
123.31.24.16 - - [19/Apr/2018:09:26:07 +0000] "POST /in/empty-coins HTTP/1.1" 200 94 "-" "-" "-"
115.78.5.187 - - [19/Apr/2018:09:27:26 +0000] "OPTIONS /api/users/login HTTP/1.1" 200 5 "-" "Mozilla/5.0 (Windows NT 10.0; Win64; x64) AppleWebKit/537.36 (KHTML, like Gecko) Chrome/65.0.3325.181 Safari/537.36" "-"
115.78.5.187 - - [19/Apr/2018:09:27:27 +0000] "POST /api/users/login HTTP/1.1" 200 1132 "https://cavangtyphu.com/" "Mozilla/5.0 (Windows NT 10.0; Win64; x64) AppleWebKit/537.36 (KHTML, like Gecko) Chrome/65.0.3325.181 Safari/537.36" "-"
123.31.24.16 - - [19/Apr/2018:09:27:28 +0000] "POST /in/empty-coins HTTP/1.1" 200 94 "-" "-" "-"
115.78.5.187 - - [19/Apr/2018:09:28:05 +0000] "OPTIONS /api/users/login HTTP/1.1" 200 5 "-" "Mozilla/5.0 (Windows NT 10.0; Win64; x64) AppleWebKit/537.36 (KHTML, like Gecko) Chrome/65.0.3325.181 Safari/537.36" "-"
115.78.5.187 - - [19/Apr/2018:09:28:05 +0000] "POST /api/users/login HTTP/1.1" 200 1131 "https://cavangtyphu.com/" "Mozilla/5.0 (Windows NT 10.0; Win64; x64) AppleWebKit/537.36 (KHTML, like Gecko) Chrome/65.0.3325.181 Safari/537.36" "-"
123.31.24.16 - - [19/Apr/2018:09:28:06 +0000] "POST /in/empty-coins HTTP/1.1" 200 94 "-" "-" "-"
115.78.5.187 - - [19/Apr/2018:09:29:02 +0000] "OPTIONS /api/users/login HTTP/1.1" 200 5 "-" "Mozilla/5.0 (Windows NT 10.0; Win64; x64) AppleWebKit/537.36 (KHTML, like Gecko) Chrome/65.0.3325.181 Safari/537.36" "-"
115.78.5.187 - - [19/Apr/2018:09:29:03 +0000] "POST /api/users/login HTTP/1.1" 200 1134 "https://cavangtyphu.com/" "Mozilla/5.0 (Windows NT 10.0; Win64; x64) AppleWebKit/537.36 (KHTML, like Gecko) Chrome/65.0.3325.181 Safari/537.36" "-"
123.31.24.16 - - [19/Apr/2018:09:29:04 +0000] "POST /in/empty-coins HTTP/1.1" 200 94 "-" "-" "-"
115.78.5.187 - - [19/Apr/2018:09:29:58 +0000] "OPTIONS /api/users/login HTTP/1.1" 200 5 "-" "Mozilla/5.0 (Windows NT 10.0; Win64; x64) AppleWebKit/537.36 (KHTML, like Gecko) Chrome/65.0.3325.181 Safari/537.36" "-"
115.78.5.187 - - [19/Apr/2018:09:29:59 +0000] "POST /api/users/login HTTP/1.1" 200 1132 "https://cavangtyphu.com/" "Mozilla/5.0 (Windows NT 10.0; Win64; x64) AppleWebKit/537.36 (KHTML, like Gecko) Chrome/65.0.3325.181 Safari/537.36" "-"
123.31.24.16 - - [19/Apr/2018:09:30:00 +0000] "POST /in/empty-coins HTTP/1.1" 200 94 "-" "-" "-"
115.78.5.187 - - [19/Apr/2018:09:30:55 +0000] "OPTIONS /api/users/login HTTP/1.1" 200 5 "-" "Mozilla/5.0 (Windows NT 10.0; Win64; x64) AppleWebKit/537.36 (KHTML, like Gecko) Chrome/65.0.3325.181 Safari/537.36" "-"
115.78.5.187 - - [19/Apr/2018:09:30:56 +0000] "POST /api/users/login HTTP/1.1" 200 1134 "https://cavangtyphu.com/" "Mozilla/5.0 (Windows NT 10.0; Win64; x64) AppleWebKit/537.36 (KHTML, like Gecko) Chrome/65.0.3325.181 Safari/537.36" "-"
123.31.24.16 - - [19/Apr/2018:09:30:56 +0000] "POST /in/empty-coins HTTP/1.1" 200 94 "-" "-" "-"
115.78.5.187 - - [19/Apr/2018:09:38:37 +0000] "OPTIONS /api/users/login HTTP/1.1" 200 5 "-" "Mozilla/5.0 (Windows NT 10.0; Win64; x64) AppleWebKit/537.36 (KHTML, like Gecko) Chrome/65.0.3325.181 Safari/537.36" "-"
115.78.5.187 - - [19/Apr/2018:09:38:38 +0000] "POST /api/users/login HTTP/1.1" 200 1133 "https://cavangtyphu.com/" "Mozilla/5.0 (Windows NT 10.0; Win64; x64) AppleWebKit/537.36 (KHTML, like Gecko) Chrome/65.0.3325.181 Safari/537.36" "-"
123.31.24.16 - - [19/Apr/2018:09:38:39 +0000] "POST /in/empty-coins HTTP/1.1" 200 94 "-" "-" "-"
146.0.77.29 - - [19/Apr/2018:09:40:24 +0000] "\x03\x00\x00/*\xE0\x00\x00\x00\x00\x00Cookie: mstshash=Administr" 400 174 "-" "-" "-"
115.78.5.187 - - [19/Apr/2018:09:57:58 +0000] "OPTIONS /api/users/login HTTP/1.1" 200 5 "-" "Mozilla/5.0 (Windows NT 10.0; Win64; x64) AppleWebKit/537.36 (KHTML, like Gecko) Chrome/65.0.3325.181 Safari/537.36" "-"
115.78.5.187 - - [19/Apr/2018:09:57:58 +0000] "POST /api/users/login HTTP/1.1" 200 1113 "https://cavangtyphu.com/" "Mozilla/5.0 (Windows NT 10.0; Win64; x64) AppleWebKit/537.36 (KHTML, like Gecko) Chrome/65.0.3325.181 Safari/537.36" "-"
123.31.24.16 - - [19/Apr/2018:09:57:59 +0000] "POST /in/empty-coins HTTP/1.1" 200 94 "-" "-" "-"
146.0.77.29 - - [19/Apr/2018:10:45:23 +0000] "\x03\x00\x00/*\xE0\x00\x00\x00\x00\x00Cookie: mstshash=Administr" 400 174 "-" "-" "-"
146.0.77.29 - - [19/Apr/2018:12:33:46 +0000] "\x03\x00\x00/*\xE0\x00\x00\x00\x00\x00Cookie: mstshash=Administr" 400 174 "-" "-" "-"
117.50.7.159 - - [19/Apr/2018:13:19:23 +0000] "GET / HTTP/1.0" 200 28098 "-" "-" "-"
106.75.2.81 - - [19/Apr/2018:13:19:23 +0000] "GET / HTTP/1.1" 200 28882 "-" "Mozilla/5.0 (Windows NT 6.1) AppleWebKit/537.1 (KHTML, like Gecko) Chrome/21.0.1180.89 Safari/537.1" "-"
146.0.77.29 - - [19/Apr/2018:13:39:36 +0000] "\x03\x00\x00/*\xE0\x00\x00\x00\x00\x00Cookie: mstshash=Administr" 400 174 "-" "-" "-"
146.0.77.29 - - [19/Apr/2018:14:44:40 +0000] "\x03\x00\x00/*\xE0\x00\x00\x00\x00\x00Cookie: mstshash=Administr" 400 174 "-" "-" "-"
93.119.227.91 - - [19/Apr/2018:14:57:06 +0000] "GET / HTTP/1.1" 200 28619 "-" "Mozilla/5.0 (Windows NT 10.0; WOW64) AppleWebKit/537.36 (KHTML, like Gecko) Chrome/51.0.2704.103 Safari/537.36" "-"
42.115.137.116 - - [19/Apr/2018:15:07:01 +0000] "OPTIONS /api/users/login HTTP/1.1" 200 5 "-" "Mozilla/5.0 (Macintosh; Intel Mac OS X 10_12_6) AppleWebKit/537.36 (KHTML, like Gecko) Chrome/65.0.3325.181 Safari/537.36" "-"
42.115.137.116 - - [19/Apr/2018:15:07:02 +0000] "POST /api/users/login HTTP/1.1" 200 1095 "http://localhost:63342/g68_bancaweb_client/bancaweb_client/index.html" "Mozilla/5.0 (Macintosh; Intel Mac OS X 10_12_6) AppleWebKit/537.36 (KHTML, like Gecko) Chrome/65.0.3325.181 Safari/537.36" "-"
123.31.24.16 - - [19/Apr/2018:15:07:03 +0000] "POST /in/empty-coins HTTP/1.1" 200 94 "-" "-" "-"
42.115.137.116 - - [19/Apr/2018:15:08:23 +0000] "OPTIONS /api/users/login HTTP/1.1" 200 5 "-" "Mozilla/5.0 (Macintosh; Intel Mac OS X 10_12_6) AppleWebKit/537.36 (KHTML, like Gecko) Chrome/65.0.3325.181 Safari/537.36" "-"
42.115.137.116 - - [19/Apr/2018:15:08:23 +0000] "POST /api/users/login HTTP/1.1" 200 1097 "https://cavangtyphu.com/" "Mozilla/5.0 (Macintosh; Intel Mac OS X 10_12_6) AppleWebKit/537.36 (KHTML, like Gecko) Chrome/65.0.3325.181 Safari/537.36" "-"
42.115.137.116 - - [19/Apr/2018:15:08:39 +0000] "OPTIONS /api/users/login HTTP/1.1" 200 5 "-" "Mozilla/5.0 (Macintosh; Intel Mac OS X 10_12_6) AppleWebKit/537.36 (KHTML, like Gecko) Chrome/65.0.3325.181 Safari/537.36" "-"
42.115.137.116 - - [19/Apr/2018:15:08:39 +0000] "POST /api/users/login HTTP/1.1" 200 1096 "https://cavangtyphu.com/" "Mozilla/5.0 (Macintosh; Intel Mac OS X 10_12_6) AppleWebKit/537.36 (KHTML, like Gecko) Chrome/65.0.3325.181 Safari/537.36" "-"
123.31.24.16 - - [19/Apr/2018:15:08:40 +0000] "POST /in/empty-coins HTTP/1.1" 200 94 "-" "-" "-"
159.89.126.42 - - [19/Apr/2018:15:30:26 +0000] "HEAD / HTTP/1.1" 200 0 "-" "Mozilla/5.0 (Windows NT 6.3; Win64; x64) AppleWebKit/537.36 (KHTML, like Gecko) Chrome/37.0.2049.0 Safari/537.36" "-"
159.89.126.42 - - [19/Apr/2018:15:30:26 +0000] "HEAD / HTTP/1.1" 200 0 "-" "Mozilla/5.0 (Windows NT 5.1) AppleWebKit/537.36 (KHTML, like Gecko) Chrome/34.0.1866.237 Safari/537.36" "-"
159.89.126.42 - - [19/Apr/2018:15:30:26 +0000] "HEAD / HTTP/1.1" 200 0 "-" "Mozilla/5.0 (X11; NetBSD) AppleWebKit/537.36 (KHTML, like Gecko) Chrome/27.0.1453.116 Safari/537.36" "-"
159.89.126.42 - - [19/Apr/2018:15:30:26 +0000] "HEAD / HTTP/1.1" 200 0 "-" "Mozilla/5.0 (Windows NT 6.2; WOW64) AppleWebKit/537.36 (KHTML, like Gecko) Chrome/27.0.1453.93 Safari/537.36" "-"
42.115.137.116 - - [19/Apr/2018:15:30:41 +0000] "OPTIONS /api/users/login HTTP/1.1" 200 5 "-" "Mozilla/5.0 (Macintosh; Intel Mac OS X 10_12_6) AppleWebKit/537.36 (KHTML, like Gecko) Chrome/65.0.3325.181 Safari/537.36" "-"
42.115.137.116 - - [19/Apr/2018:15:30:42 +0000] "POST /api/users/login HTTP/1.1" 200 1094 "http://localhost:63342/g68_bancaweb_client/bancaweb_client/index.html" "Mozilla/5.0 (Macintosh; Intel Mac OS X 10_12_6) AppleWebKit/537.36 (KHTML, like Gecko) Chrome/65.0.3325.181 Safari/537.36" "-"
123.31.24.16 - - [19/Apr/2018:15:30:43 +0000] "POST /in/empty-coins HTTP/1.1" 200 94 "-" "-" "-"
216.218.206.68 - - [19/Apr/2018:15:43:53 +0000] "GET / HTTP/1.1" 200 28148 "-" "-" "-"
68.108.5.112 - - [19/Apr/2018:15:49:45 +0000] "GET /administrator/manifests/files/joomla.xml HTTP/1.1" 404 26741 "-" "curl/7.40.0" "-"
42.115.137.116 - - [19/Apr/2018:15:58:36 +0000] "OPTIONS /api/users/login HTTP/1.1" 200 5 "-" "Mozilla/5.0 (Macintosh; Intel Mac OS X 10_12_6) AppleWebKit/537.36 (KHTML, like Gecko) Chrome/65.0.3325.181 Safari/537.36" "-"
42.115.137.116 - - [19/Apr/2018:15:58:37 +0000] "POST /api/users/login HTTP/1.1" 200 1096 "http://localhost:63342/g68_bancaweb_client/bancaweb_client/index.html" "Mozilla/5.0 (Macintosh; Intel Mac OS X 10_12_6) AppleWebKit/537.36 (KHTML, like Gecko) Chrome/65.0.3325.181 Safari/537.36" "-"
123.31.24.16 - - [19/Apr/2018:15:58:38 +0000] "POST /in/empty-coins HTTP/1.1" 200 94 "-" "-" "-"
42.115.137.116 - - [19/Apr/2018:16:02:43 +0000] "OPTIONS /api/users/login HTTP/1.1" 200 5 "-" "Mozilla/5.0 (Macintosh; Intel Mac OS X 10_12_6) AppleWebKit/537.36 (KHTML, like Gecko) Chrome/65.0.3325.181 Safari/537.36" "-"
42.115.137.116 - - [19/Apr/2018:16:02:44 +0000] "POST /api/users/login HTTP/1.1" 200 1096 "http://localhost:63342/g68_bancaweb_client/bancaweb_client/index.html" "Mozilla/5.0 (Macintosh; Intel Mac OS X 10_12_6) AppleWebKit/537.36 (KHTML, like Gecko) Chrome/65.0.3325.181 Safari/537.36" "-"
123.31.24.16 - - [19/Apr/2018:16:02:47 +0000] "POST /in/empty-coins HTTP/1.1" 200 94 "-" "-" "-"
42.115.137.116 - - [19/Apr/2018:16:04:06 +0000] "OPTIONS /api/users/login HTTP/1.1" 200 5 "-" "Mozilla/5.0 (Macintosh; Intel Mac OS X 10_12_6) AppleWebKit/537.36 (KHTML, like Gecko) Chrome/65.0.3325.181 Safari/537.36" "-"
42.115.137.116 - - [19/Apr/2018:16:04:06 +0000] "POST /api/users/login HTTP/1.1" 200 1095 "http://localhost:63342/g68_bancaweb_client/bancaweb_client/index.html" "Mozilla/5.0 (Macintosh; Intel Mac OS X 10_12_6) AppleWebKit/537.36 (KHTML, like Gecko) Chrome/65.0.3325.181 Safari/537.36" "-"
123.31.24.16 - - [19/Apr/2018:16:04:12 +0000] "POST /in/empty-coins HTTP/1.1" 200 94 "-" "-" "-"
42.115.137.116 - - [19/Apr/2018:16:09:12 +0000] "OPTIONS /api/users/login HTTP/1.1" 200 5 "-" "Mozilla/5.0 (Macintosh; Intel Mac OS X 10_12_6) AppleWebKit/537.36 (KHTML, like Gecko) Chrome/65.0.3325.181 Safari/537.36" "-"
42.115.137.116 - - [19/Apr/2018:16:09:13 +0000] "POST /api/users/login HTTP/1.1" 200 1097 "http://localhost:63342/g68_bancaweb_client/bancaweb_client/index.html" "Mozilla/5.0 (Macintosh; Intel Mac OS X 10_12_6) AppleWebKit/537.36 (KHTML, like Gecko) Chrome/65.0.3325.181 Safari/537.36" "-"
123.31.24.16 - - [19/Apr/2018:16:09:14 +0000] "POST /in/empty-coins HTTP/1.1" 200 94 "-" "-" "-"
95.181.179.218 - - [19/Apr/2018:19:16:16 +0000] "GET / HTTP/1.1" 200 29076 "-" "Mozilla/5.0 (Windows NT 6.0) AppleWebKit/535.1 (KHTML, like Gecko) Chrome/13.0.782.1 Safari/535.1" "-"
182.108.133.253 - - [19/Apr/2018:20:09:12 +0000] "GET /muieblackcat HTTP/1.1" 404 26853 "-" "-" "-"
182.108.133.253 - - [19/Apr/2018:20:09:14 +0000] "GET //phpmyadmin/scripts/setup.php HTTP/1.1" 404 27 "-" "-" "-"
182.108.133.253 - - [19/Apr/2018:20:09:16 +0000] "GET //phpMyAdmin/scripts/setup.php HTTP/1.1" 404 27 "-" "-" "-"
182.108.133.253 - - [19/Apr/2018:20:09:17 +0000] "GET //mysqladmin/scripts/setup.php HTTP/1.1" 404 27 "-" "-" "-"
107.170.193.25 - - [19/Apr/2018:22:15:14 +0000] "GET / HTTP/1.1" 200 28454 "-" "Mozilla/5.0 zgrab/0.x" "-"
222.74.34.5 - - [20/Apr/2018:00:57:41 +0000] "PROPFIND / HTTP/1.1" 405 174 "-" "-" "-"
222.74.34.5 - - [20/Apr/2018:00:57:42 +0000] "POST /wls-wsat/CoordinatorPortType HTTP/1.1" 404 26908 "-" "Mozilla/5.0 (Windows NT 6.1; rv:5.0) Gecko/20100101 Firefox/5.0" "-"
196.52.43.98 - - [20/Apr/2018:02:10:08 +0000] "GET / HTTP/1.0" 200 28301 "-" "Mozilla/5.0(WindowsNT6.1;rv:31.0)Gecko/20100101Firefox/31.0" "-"
115.78.5.187 - - [20/Apr/2018:02:31:25 +0000] "OPTIONS /api/users/login HTTP/1.1" 200 5 "-" "Mozilla/5.0 (Windows NT 10.0; Win64; x64) AppleWebKit/537.36 (KHTML, like Gecko) Chrome/65.0.3325.181 Safari/537.36" "-"
115.78.5.187 - - [20/Apr/2018:02:31:26 +0000] "POST /api/users/login HTTP/1.1" 200 1139 "https://gamebaionline.club/" "Mozilla/5.0 (Windows NT 10.0; Win64; x64) AppleWebKit/537.36 (KHTML, like Gecko) Chrome/65.0.3325.181 Safari/537.36" "-"
123.31.24.16 - - [20/Apr/2018:02:31:27 +0000] "POST /in/empty-coins HTTP/1.1" 200 94 "-" "-" "-"
115.78.5.187 - - [20/Apr/2018:02:32:26 +0000] "OPTIONS /api/users/login HTTP/1.1" 200 5 "-" "Mozilla/5.0 (Windows NT 10.0; Win64; x64) AppleWebKit/537.36 (KHTML, like Gecko) Chrome/65.0.3325.181 Safari/537.36" "-"
115.78.5.187 - - [20/Apr/2018:02:32:26 +0000] "POST /api/users/login HTTP/1.1" 200 1140 "https://gamebaionline.club/" "Mozilla/5.0 (Windows NT 10.0; Win64; x64) AppleWebKit/537.36 (KHTML, like Gecko) Chrome/65.0.3325.181 Safari/537.36" "-"
115.78.5.187 - - [20/Apr/2018:02:48:19 +0000] "OPTIONS /api/users/login HTTP/1.1" 200 5 "-" "Mozilla/5.0 (Windows NT 10.0; Win64; x64) AppleWebKit/537.36 (KHTML, like Gecko) Chrome/65.0.3325.181 Safari/537.36" "-"
115.78.5.187 - - [20/Apr/2018:02:48:19 +0000] "POST /api/users/login HTTP/1.1" 200 1109 "https://cavangtyphu.com/" "Mozilla/5.0 (Windows NT 10.0; Win64; x64) AppleWebKit/537.36 (KHTML, like Gecko) Chrome/65.0.3325.181 Safari/537.36" "-"
123.31.24.16 - - [20/Apr/2018:02:48:20 +0000] "POST /in/empty-coins HTTP/1.1" 200 94 "-" "-" "-"
115.78.5.187 - - [20/Apr/2018:02:50:01 +0000] "OPTIONS /api/users/login HTTP/1.1" 200 5 "-" "Mozilla/5.0 (Windows NT 10.0; Win64; x64) AppleWebKit/537.36 (KHTML, like Gecko) Chrome/65.0.3325.181 Safari/537.36" "-"
115.78.5.187 - - [20/Apr/2018:02:50:01 +0000] "POST /api/users/login HTTP/1.1" 200 1109 "https://cavangtyphu.com/" "Mozilla/5.0 (Windows NT 10.0; Win64; x64) AppleWebKit/537.36 (KHTML, like Gecko) Chrome/65.0.3325.181 Safari/537.36" "-"
123.31.24.16 - - [20/Apr/2018:02:50:02 +0000] "POST /in/empty-coins HTTP/1.1" 200 94 "-" "-" "-"
115.78.5.187 - - [20/Apr/2018:03:07:56 +0000] "GET /api/captcha? HTTP/1.1" 200 868 "https://cavangtyphu.com/" "Mozilla/5.0 (Windows NT 10.0; Win64; x64) AppleWebKit/537.36 (KHTML, like Gecko) Chrome/65.0.3325.181 Safari/537.36" "-"
115.78.5.187 - - [20/Apr/2018:03:08:03 +0000] "OPTIONS /api/users HTTP/1.1" 200 5 "-" "Mozilla/5.0 (Windows NT 10.0; Win64; x64) AppleWebKit/537.36 (KHTML, like Gecko) Chrome/65.0.3325.181 Safari/537.36" "-"
115.78.5.187 - - [20/Apr/2018:03:08:04 +0000] "POST /api/users HTTP/1.1" 200 448 "https://cavangtyphu.com/" "Mozilla/5.0 (Windows NT 10.0; Win64; x64) AppleWebKit/537.36 (KHTML, like Gecko) Chrome/65.0.3325.181 Safari/537.36" "-"
115.78.5.187 - - [20/Apr/2018:03:08:04 +0000] "OPTIONS /api/users/login HTTP/1.1" 200 5 "-" "Mozilla/5.0 (Windows NT 10.0; Win64; x64) AppleWebKit/537.36 (KHTML, like Gecko) Chrome/65.0.3325.181 Safari/537.36" "-"
115.78.5.187 - - [20/Apr/2018:03:08:04 +0000] "POST /api/users/login HTTP/1.1" 200 1128 "https://cavangtyphu.com/" "Mozilla/5.0 (Windows NT 10.0; Win64; x64) AppleWebKit/537.36 (KHTML, like Gecko) Chrome/65.0.3325.181 Safari/537.36" "-"
115.78.5.187 - - [20/Apr/2018:03:08:12 +0000] "OPTIONS /api/users HTTP/1.1" 200 5 "-" "Mozilla/5.0 (Windows NT 10.0; Win64; x64) AppleWebKit/537.36 (KHTML, like Gecko) Chrome/65.0.3325.181 Safari/537.36" "-"
115.78.5.187 - - [20/Apr/2018:03:08:12 +0000] "PUT /api/users HTTP/1.1" 200 385 "https://cavangtyphu.com/" "Mozilla/5.0 (Windows NT 10.0; Win64; x64) AppleWebKit/537.36 (KHTML, like Gecko) Chrome/65.0.3325.181 Safari/537.36" "-"
115.78.5.187 - - [20/Apr/2018:03:08:12 +0000] "OPTIONS /api/users/login HTTP/1.1" 200 5 "-" "Mozilla/5.0 (Windows NT 10.0; Win64; x64) AppleWebKit/537.36 (KHTML, like Gecko) Chrome/65.0.3325.181 Safari/537.36" "-"
115.78.5.187 - - [20/Apr/2018:03:08:13 +0000] "POST /api/users/login HTTP/1.1" 200 1111 "https://cavangtyphu.com/" "Mozilla/5.0 (Windows NT 10.0; Win64; x64) AppleWebKit/537.36 (KHTML, like Gecko) Chrome/65.0.3325.181 Safari/537.36" "-"
123.31.24.16 - - [20/Apr/2018:03:08:13 +0000] "POST /in/empty-coins HTTP/1.1" 200 94 "-" "-" "-"
115.78.5.187 - - [20/Apr/2018:03:13:39 +0000] "OPTIONS /api/users/login HTTP/1.1" 200 5 "-" "Mozilla/5.0 (Macintosh; Intel Mac OS X 10_12_6) AppleWebKit/537.36 (KHTML, like Gecko) Chrome/65.0.3325.181 Safari/537.36" "-"
115.78.5.187 - - [20/Apr/2018:03:13:39 +0000] "POST /api/users/login HTTP/1.1" 200 1096 "http://localhost:63342/g68_bancaweb_client/bancaweb_client/index.html" "Mozilla/5.0 (Macintosh; Intel Mac OS X 10_12_6) AppleWebKit/537.36 (KHTML, like Gecko) Chrome/65.0.3325.181 Safari/537.36" "-"
123.31.24.16 - - [20/Apr/2018:03:13:40 +0000] "POST /in/empty-coins HTTP/1.1" 200 94 "-" "-" "-"
115.78.5.187 - - [20/Apr/2018:03:16:05 +0000] "OPTIONS /api/users/login HTTP/1.1" 200 5 "-" "Mozilla/5.0 (Macintosh; Intel Mac OS X 10_12_6) AppleWebKit/537.36 (KHTML, like Gecko) Chrome/65.0.3325.181 Safari/537.36" "-"
115.78.5.187 - - [20/Apr/2018:03:16:06 +0000] "POST /api/users/login HTTP/1.1" 200 142 "http://localhost:63342/g68_bancaweb_client/bancaweb_client/index.html" "Mozilla/5.0 (Macintosh; Intel Mac OS X 10_12_6) AppleWebKit/537.36 (KHTML, like Gecko) Chrome/65.0.3325.181 Safari/537.36" "-"
115.78.5.187 - - [20/Apr/2018:03:16:22 +0000] "OPTIONS /api/users/login HTTP/1.1" 200 5 "-" "Mozilla/5.0 (Windows NT 10.0; Win64; x64) AppleWebKit/537.36 (KHTML, like Gecko) Chrome/65.0.3325.181 Safari/537.36" "-"
115.78.5.187 - - [20/Apr/2018:03:16:23 +0000] "POST /api/users/login HTTP/1.1" 200 1111 "https://cavangtyphu.com/" "Mozilla/5.0 (Windows NT 10.0; Win64; x64) AppleWebKit/537.36 (KHTML, like Gecko) Chrome/65.0.3325.181 Safari/537.36" "-"
123.31.24.16 - - [20/Apr/2018:03:16:24 +0000] "POST /in/empty-coins HTTP/1.1" 200 94 "-" "-" "-"
115.78.5.187 - - [20/Apr/2018:03:16:40 +0000] "OPTIONS /api/users/login HTTP/1.1" 200 5 "-" "Mozilla/5.0 (Macintosh; Intel Mac OS X 10_12_6) AppleWebKit/537.36 (KHTML, like Gecko) Chrome/65.0.3325.181 Safari/537.36" "-"
115.78.5.187 - - [20/Apr/2018:03:16:41 +0000] "POST /api/users/login HTTP/1.1" 200 1096 "http://localhost:63342/g68_bancaweb_client/bancaweb_client/index.html" "Mozilla/5.0 (Macintosh; Intel Mac OS X 10_12_6) AppleWebKit/537.36 (KHTML, like Gecko) Chrome/65.0.3325.181 Safari/537.36" "-"
123.31.24.16 - - [20/Apr/2018:03:16:41 +0000] "POST /in/empty-coins HTTP/1.1" 200 94 "-" "-" "-"
115.78.5.187 - - [20/Apr/2018:03:18:05 +0000] "OPTIONS /api/users/login HTTP/1.1" 200 5 "-" "Mozilla/5.0 (Windows NT 10.0; Win64; x64) AppleWebKit/537.36 (KHTML, like Gecko) Chrome/65.0.3325.181 Safari/537.36" "-"
115.78.5.187 - - [20/Apr/2018:03:18:06 +0000] "POST /api/users/login HTTP/1.1" 200 1114 "https://cavangtyphu.com/" "Mozilla/5.0 (Windows NT 10.0; Win64; x64) AppleWebKit/537.36 (KHTML, like Gecko) Chrome/65.0.3325.181 Safari/537.36" "-"
123.31.24.16 - - [20/Apr/2018:03:18:06 +0000] "POST /in/empty-coins HTTP/1.1" 200 94 "-" "-" "-"
115.78.5.187 - - [20/Apr/2018:03:18:41 +0000] "OPTIONS /api/users/login HTTP/1.1" 200 5 "-" "Mozilla/5.0 (Windows NT 10.0; Win64; x64) AppleWebKit/537.36 (KHTML, like Gecko) Chrome/65.0.3325.181 Safari/537.36" "-"
115.78.5.187 - - [20/Apr/2018:03:18:41 +0000] "POST /api/users/login HTTP/1.1" 200 1111 "https://cavangtyphu.com/" "Mozilla/5.0 (Windows NT 10.0; Win64; x64) AppleWebKit/537.36 (KHTML, like Gecko) Chrome/65.0.3325.181 Safari/537.36" "-"
123.31.24.16 - - [20/Apr/2018:03:18:42 +0000] "POST /in/empty-coins HTTP/1.1" 200 94 "-" "-" "-"
115.78.5.187 - - [20/Apr/2018:03:19:28 +0000] "OPTIONS /api/users/login HTTP/1.1" 200 5 "-" "Mozilla/5.0 (Windows NT 10.0; Win64; x64) AppleWebKit/537.36 (KHTML, like Gecko) Chrome/65.0.3325.181 Safari/537.36" "-"
115.78.5.187 - - [20/Apr/2018:03:19:29 +0000] "POST /api/users/login HTTP/1.1" 200 1139 "https://cavangtyphu.com/" "Mozilla/5.0 (Windows NT 10.0; Win64; x64) AppleWebKit/537.36 (KHTML, like Gecko) Chrome/65.0.3325.181 Safari/537.36" "-"
123.31.24.16 - - [20/Apr/2018:03:19:29 +0000] "POST /in/empty-coins HTTP/1.1" 200 94 "-" "-" "-"
115.78.5.187 - - [20/Apr/2018:03:20:23 +0000] "OPTIONS /api/users/login HTTP/1.1" 200 5 "-" "Mozilla/5.0 (Windows NT 10.0; Win64; x64) AppleWebKit/537.36 (KHTML, like Gecko) Chrome/65.0.3325.181 Safari/537.36" "-"
115.78.5.187 - - [20/Apr/2018:03:20:24 +0000] "POST /api/users/login HTTP/1.1" 200 1139 "https://cavangtyphu.com/" "Mozilla/5.0 (Windows NT 10.0; Win64; x64) AppleWebKit/537.36 (KHTML, like Gecko) Chrome/65.0.3325.181 Safari/537.36" "-"
123.31.24.16 - - [20/Apr/2018:03:20:24 +0000] "POST /in/empty-coins HTTP/1.1" 200 94 "-" "-" "-"
115.78.5.187 - - [20/Apr/2018:03:24:37 +0000] "OPTIONS /api/users/login HTTP/1.1" 200 5 "-" "Mozilla/5.0 (Windows NT 10.0; Win64; x64) AppleWebKit/537.36 (KHTML, like Gecko) Chrome/65.0.3325.181 Safari/537.36" "-"
115.78.5.187 - - [20/Apr/2018:03:24:38 +0000] "POST /api/users/login HTTP/1.1" 200 1108 "https://cavangtyphu.com/" "Mozilla/5.0 (Windows NT 10.0; Win64; x64) AppleWebKit/537.36 (KHTML, like Gecko) Chrome/65.0.3325.181 Safari/537.36" "-"
123.31.24.16 - - [20/Apr/2018:03:24:39 +0000] "POST /in/empty-coins HTTP/1.1" 200 94 "-" "-" "-"
115.78.5.187 - - [20/Apr/2018:03:25:41 +0000] "OPTIONS /api/users/login HTTP/1.1" 200 5 "-" "Mozilla/5.0 (Windows NT 10.0; Win64; x64) AppleWebKit/537.36 (KHTML, like Gecko) Chrome/65.0.3325.181 Safari/537.36" "-"
115.78.5.187 - - [20/Apr/2018:03:25:42 +0000] "POST /api/users/login HTTP/1.1" 200 1109 "https://cavangtyphu.com/" "Mozilla/5.0 (Windows NT 10.0; Win64; x64) AppleWebKit/537.36 (KHTML, like Gecko) Chrome/65.0.3325.181 Safari/537.36" "-"
123.31.24.16 - - [20/Apr/2018:03:25:42 +0000] "POST /in/empty-coins HTTP/1.1" 200 94 "-" "-" "-"
115.78.5.187 - - [20/Apr/2018:03:26:14 +0000] "OPTIONS /api/users/login HTTP/1.1" 200 5 "-" "Mozilla/5.0 (Macintosh; Intel Mac OS X 10_12_6) AppleWebKit/537.36 (KHTML, like Gecko) Chrome/65.0.3325.181 Safari/537.36" "-"
115.78.5.187 - - [20/Apr/2018:03:26:14 +0000] "POST /api/users/login HTTP/1.1" 200 1097 "https://cavangtyphu.com/" "Mozilla/5.0 (Macintosh; Intel Mac OS X 10_12_6) AppleWebKit/537.36 (KHTML, like Gecko) Chrome/65.0.3325.181 Safari/537.36" "-"
123.31.24.16 - - [20/Apr/2018:03:26:15 +0000] "POST /in/empty-coins HTTP/1.1" 200 94 "-" "-" "-"
115.78.5.187 - - [20/Apr/2018:03:26:35 +0000] "OPTIONS /api/users/login HTTP/1.1" 200 5 "-" "Mozilla/5.0 (Macintosh; Intel Mac OS X 10_12_6) AppleWebKit/537.36 (KHTML, like Gecko) Chrome/65.0.3325.181 Safari/537.36" "-"
115.78.5.187 - - [20/Apr/2018:03:26:36 +0000] "POST /api/users/login HTTP/1.1" 200 142 "https://cavangtyphu.com/" "Mozilla/5.0 (Macintosh; Intel Mac OS X 10_12_6) AppleWebKit/537.36 (KHTML, like Gecko) Chrome/65.0.3325.181 Safari/537.36" "-"
115.78.5.187 - - [20/Apr/2018:03:26:36 +0000] "OPTIONS /api/users/login HTTP/1.1" 200 5 "-" "Mozilla/5.0 (Windows NT 10.0; Win64; x64) AppleWebKit/537.36 (KHTML, like Gecko) Chrome/65.0.3325.181 Safari/537.36" "-"
115.78.5.187 - - [20/Apr/2018:03:26:36 +0000] "POST /api/users/login HTTP/1.1" 200 1108 "https://cavangtyphu.com/" "Mozilla/5.0 (Windows NT 10.0; Win64; x64) AppleWebKit/537.36 (KHTML, like Gecko) Chrome/65.0.3325.181 Safari/537.36" "-"
123.31.24.16 - - [20/Apr/2018:03:26:37 +0000] "POST /in/empty-coins HTTP/1.1" 200 94 "-" "-" "-"
115.78.5.187 - - [20/Apr/2018:03:26:41 +0000] "OPTIONS /api/users/login HTTP/1.1" 200 5 "-" "Mozilla/5.0 (Macintosh; Intel Mac OS X 10_12_6) AppleWebKit/537.36 (KHTML, like Gecko) Chrome/65.0.3325.181 Safari/537.36" "-"
115.78.5.187 - - [20/Apr/2018:03:26:41 +0000] "POST /api/users/login HTTP/1.1" 200 1098 "https://cavangtyphu.com/" "Mozilla/5.0 (Macintosh; Intel Mac OS X 10_12_6) AppleWebKit/537.36 (KHTML, like Gecko) Chrome/65.0.3325.181 Safari/537.36" "-"
123.31.24.16 - - [20/Apr/2018:03:26:42 +0000] "POST /in/empty-coins HTTP/1.1" 200 94 "-" "-" "-"
115.78.5.187 - - [20/Apr/2018:03:27:35 +0000] "GET /api/captcha? HTTP/1.1" 200 903 "http://localhost:63342/g68_bancaweb_client/bancaweb_client/index.html" "Mozilla/5.0 (Macintosh; Intel Mac OS X 10_12_6) AppleWebKit/537.36 (KHTML, like Gecko) Chrome/65.0.3325.181 Safari/537.36" "-"
115.78.5.187 - - [20/Apr/2018:03:28:29 +0000] "GET /api/captcha? HTTP/1.1" 200 969 "http://localhost:63342/g68_bancaweb_client/bancaweb_client/index.html" "Mozilla/5.0 (Macintosh; Intel Mac OS X 10_12_6) AppleWebKit/537.36 (KHTML, like Gecko) Chrome/65.0.3325.181 Safari/537.36" "-"
115.78.5.187 - - [20/Apr/2018:03:39:27 +0000] "OPTIONS /api/users/login HTTP/1.1" 200 5 "-" "Mozilla/5.0 (Macintosh; Intel Mac OS X 10_12_6) AppleWebKit/537.36 (KHTML, like Gecko) Chrome/65.0.3325.181 Safari/537.36" "-"
115.78.5.187 - - [20/Apr/2018:03:39:27 +0000] "POST /api/users/login HTTP/1.1" 200 1097 "http://localhost:63342/g68_bancaweb_client/bancaweb_client/index.html" "Mozilla/5.0 (Macintosh; Intel Mac OS X 10_12_6) AppleWebKit/537.36 (KHTML, like Gecko) Chrome/65.0.3325.181 Safari/537.36" "-"
123.31.24.16 - - [20/Apr/2018:03:39:28 +0000] "POST /in/empty-coins HTTP/1.1" 200 94 "-" "-" "-"
115.78.5.187 - - [20/Apr/2018:03:40:47 +0000] "GET /api/captcha? HTTP/1.1" 200 963 "http://localhost:63342/g68_bancaweb_client/bancaweb_client/index.html" "Mozilla/5.0 (Macintosh; Intel Mac OS X 10_12_6) AppleWebKit/537.36 (KHTML, like Gecko) Chrome/65.0.3325.181 Safari/537.36" "-"
115.78.5.187 - - [20/Apr/2018:03:40:55 +0000] "OPTIONS /api/users HTTP/1.1" 200 5 "-" "Mozilla/5.0 (Macintosh; Intel Mac OS X 10_12_6) AppleWebKit/537.36 (KHTML, like Gecko) Chrome/65.0.3325.181 Safari/537.36" "-"
115.78.5.187 - - [20/Apr/2018:03:40:55 +0000] "POST /api/users HTTP/1.1" 200 436 "http://localhost:63342/g68_bancaweb_client/bancaweb_client/index.html" "Mozilla/5.0 (Macintosh; Intel Mac OS X 10_12_6) AppleWebKit/537.36 (KHTML, like Gecko) Chrome/65.0.3325.181 Safari/537.36" "-"
115.78.5.187 - - [20/Apr/2018:03:40:56 +0000] "OPTIONS /api/users/login HTTP/1.1" 200 5 "-" "Mozilla/5.0 (Macintosh; Intel Mac OS X 10_12_6) AppleWebKit/537.36 (KHTML, like Gecko) Chrome/65.0.3325.181 Safari/537.36" "-"
115.78.5.187 - - [20/Apr/2018:03:40:56 +0000] "POST /api/users/login HTTP/1.1" 200 1112 "http://localhost:63342/g68_bancaweb_client/bancaweb_client/index.html" "Mozilla/5.0 (Macintosh; Intel Mac OS X 10_12_6) AppleWebKit/537.36 (KHTML, like Gecko) Chrome/65.0.3325.181 Safari/537.36" "-"
115.78.5.187 - - [20/Apr/2018:03:41:50 +0000] "OPTIONS /api/users HTTP/1.1" 200 5 "-" "Mozilla/5.0 (Macintosh; Intel Mac OS X 10_12_6) AppleWebKit/537.36 (KHTML, like Gecko) Chrome/65.0.3325.181 Safari/537.36" "-"
115.78.5.187 - - [20/Apr/2018:03:41:51 +0000] "PUT /api/users HTTP/1.1" 200 375 "http://localhost:63342/g68_bancaweb_client/bancaweb_client/index.html" "Mozilla/5.0 (Macintosh; Intel Mac OS X 10_12_6) AppleWebKit/537.36 (KHTML, like Gecko) Chrome/65.0.3325.181 Safari/537.36" "-"
115.78.5.187 - - [20/Apr/2018:03:51:28 +0000] "OPTIONS /api/users/login HTTP/1.1" 200 5 "-" "Mozilla/5.0 (Windows NT 10.0; Win64; x64) AppleWebKit/537.36 (KHTML, like Gecko) Chrome/65.0.3325.181 Safari/537.36" "-"
115.78.5.187 - - [20/Apr/2018:03:51:28 +0000] "POST /api/users/login HTTP/1.1" 200 1137 "https://cavangtyphu.com/" "Mozilla/5.0 (Windows NT 10.0; Win64; x64) AppleWebKit/537.36 (KHTML, like Gecko) Chrome/65.0.3325.181 Safari/537.36" "-"
115.78.5.187 - - [20/Apr/2018:03:53:21 +0000] "OPTIONS /api/users HTTP/1.1" 200 5 "-" "Mozilla/5.0 (Macintosh; Intel Mac OS X 10_12_6) AppleWebKit/537.36 (KHTML, like Gecko) Chrome/65.0.3325.181 Safari/537.36" "-"
115.78.5.187 - - [20/Apr/2018:03:53:21 +0000] "PUT /api/users HTTP/1.1" 200 375 "http://localhost:63342/g68_bancaweb_client/bancaweb_client/index.html" "Mozilla/5.0 (Macintosh; Intel Mac OS X 10_12_6) AppleWebKit/537.36 (KHTML, like Gecko) Chrome/65.0.3325.181 Safari/537.36" "-"
115.78.5.187 - - [20/Apr/2018:03:53:29 +0000] "OPTIONS /api/users/login HTTP/1.1" 200 5 "-" "Mozilla/5.0 (Macintosh; Intel Mac OS X 10_12_6) AppleWebKit/537.36 (KHTML, like Gecko) Chrome/65.0.3325.181 Safari/537.36" "-"
115.78.5.187 - - [20/Apr/2018:03:53:30 +0000] "POST /api/users/login HTTP/1.1" 200 1096 "http://localhost:63342/g68_bancaweb_client/bancaweb_client/index.html" "Mozilla/5.0 (Macintosh; Intel Mac OS X 10_12_6) AppleWebKit/537.36 (KHTML, like Gecko) Chrome/65.0.3325.181 Safari/537.36" "-"
66.111.41.249 - - [20/Apr/2018:03:54:00 +0000] "HEAD / HTTP/1.0" 200 0 "-" "Mozilla/5.0" "-"
115.78.5.187 - - [20/Apr/2018:03:56:39 +0000] "OPTIONS /api/users/login HTTP/1.1" 200 5 "-" "Mozilla/5.0 (Windows NT 10.0; Win64; x64) AppleWebKit/537.36 (KHTML, like Gecko) Chrome/65.0.3325.181 Safari/537.36" "-"
115.78.5.187 - - [20/Apr/2018:03:56:40 +0000] "POST /api/users/login HTTP/1.1" 200 1108 "https://cavangtyphu.com/" "Mozilla/5.0 (Windows NT 10.0; Win64; x64) AppleWebKit/537.36 (KHTML, like Gecko) Chrome/65.0.3325.181 Safari/537.36" "-"
123.31.24.16 - - [20/Apr/2018:03:56:41 +0000] "POST /in/empty-coins HTTP/1.1" 200 94 "-" "-" "-"
115.78.5.187 - - [20/Apr/2018:03:59:59 +0000] "OPTIONS /api/users/login HTTP/1.1" 200 5 "-" "Mozilla/5.0 (Windows NT 10.0; Win64; x64) AppleWebKit/537.36 (KHTML, like Gecko) Chrome/65.0.3325.181 Safari/537.36" "-"
115.78.5.187 - - [20/Apr/2018:03:59:59 +0000] "POST /api/users/login HTTP/1.1" 200 1110 "https://cavangtyphu.com/" "Mozilla/5.0 (Windows NT 10.0; Win64; x64) AppleWebKit/537.36 (KHTML, like Gecko) Chrome/65.0.3325.181 Safari/537.36" "-"
123.31.24.16 - - [20/Apr/2018:04:00:00 +0000] "POST /in/empty-coins HTTP/1.1" 200 94 "-" "-" "-"
80.82.70.133 - - [20/Apr/2018:04:03:16 +0000] "GET / HTTP/1.1" 400 174 "-" "-" "-"
115.78.5.187 - - [20/Apr/2018:04:03:19 +0000] "OPTIONS /api/users/login HTTP/1.1" 200 5 "-" "Mozilla/5.0 (Windows NT 10.0; Win64; x64) AppleWebKit/537.36 (KHTML, like Gecko) Chrome/65.0.3325.181 Safari/537.36" "-"
115.78.5.187 - - [20/Apr/2018:04:03:19 +0000] "POST /api/users/login HTTP/1.1" 200 1109 "https://cavangtyphu.com/" "Mozilla/5.0 (Windows NT 10.0; Win64; x64) AppleWebKit/537.36 (KHTML, like Gecko) Chrome/65.0.3325.181 Safari/537.36" "-"
123.31.24.16 - - [20/Apr/2018:04:03:20 +0000] "POST /in/empty-coins HTTP/1.1" 200 94 "-" "-" "-"
115.78.5.187 - - [20/Apr/2018:04:03:47 +0000] "OPTIONS /api/users/login HTTP/1.1" 200 5 "-" "Mozilla/5.0 (Windows NT 10.0; Win64; x64) AppleWebKit/537.36 (KHTML, like Gecko) Chrome/65.0.3325.181 Safari/537.36" "-"
115.78.5.187 - - [20/Apr/2018:04:03:48 +0000] "POST /api/users/login HTTP/1.1" 200 1115 "https://cavangtyphu.com/" "Mozilla/5.0 (Windows NT 10.0; Win64; x64) AppleWebKit/537.36 (KHTML, like Gecko) Chrome/65.0.3325.181 Safari/537.36" "-"
123.31.24.16 - - [20/Apr/2018:04:03:48 +0000] "POST /in/empty-coins HTTP/1.1" 200 94 "-" "-" "-"
115.78.5.187 - - [20/Apr/2018:04:04:05 +0000] "OPTIONS /api/users/login HTTP/1.1" 200 5 "-" "Mozilla/5.0 (Windows NT 10.0; Win64; x64) AppleWebKit/537.36 (KHTML, like Gecko) Chrome/65.0.3325.181 Safari/537.36" "-"
115.78.5.187 - - [20/Apr/2018:04:04:06 +0000] "POST /api/users/login HTTP/1.1" 200 136 "https://cavangtyphu.com/" "Mozilla/5.0 (Windows NT 10.0; Win64; x64) AppleWebKit/537.36 (KHTML, like Gecko) Chrome/65.0.3325.181 Safari/537.36" "-"
115.78.5.187 - - [20/Apr/2018:04:04:11 +0000] "OPTIONS /api/users/login HTTP/1.1" 200 5 "-" "Mozilla/5.0 (Windows NT 10.0; Win64; x64) AppleWebKit/537.36 (KHTML, like Gecko) Chrome/65.0.3325.181 Safari/537.36" "-"
115.78.5.187 - - [20/Apr/2018:04:04:12 +0000] "POST /api/users/login HTTP/1.1" 200 1112 "https://cavangtyphu.com/" "Mozilla/5.0 (Windows NT 10.0; Win64; x64) AppleWebKit/537.36 (KHTML, like Gecko) Chrome/65.0.3325.181 Safari/537.36" "-"
123.31.24.16 - - [20/Apr/2018:04:04:12 +0000] "POST /in/empty-coins HTTP/1.1" 200 94 "-" "-" "-"
