115.78.5.187 - - [19/Apr/2018:07:47:47 +0000] "POST /api/users/login HTTP/1.1" 200 1170 "https://cavangtyphu.com/" "Mozilla/5.0 (Windows NT 10.0; Win64; x64) AppleWebKit/537.36 (KHTML, like Gecko) Chrome/65.0.3325.181 Safari/537.36" "-"
115.78.5.187 - - [19/Apr/2018:07:47:57 +0000] "OPTIONS /api/users HTTP/1.1" 200 5 "-" "Mozilla/5.0 (Windows NT 10.0; Win64; x64) AppleWebKit/537.36 (KHTML, like Gecko) Chrome/65.0.3325.181 Safari/537.36" "-"
115.78.5.187 - - [19/Apr/2018:07:47:57 +0000] "PUT /api/users HTTP/1.1" 200 406 "https://cavangtyphu.com/" "Mozilla/5.0 (Windows NT 10.0; Win64; x64) AppleWebKit/537.36 (KHTML, like Gecko) Chrome/65.0.3325.181 Safari/537.36" "-"
115.78.5.187 - - [19/Apr/2018:07:47:57 +0000] "OPTIONS /api/users/login HTTP/1.1" 200 5 "-" "Mozilla/5.0 (Windows NT 10.0; Win64; x64) AppleWebKit/537.36 (KHTML, like Gecko) Chrome/65.0.3325.181 Safari/537.36" "-"
115.78.5.187 - - [19/Apr/2018:07:47:58 +0000] "POST /api/users/login HTTP/1.1" 200 1134 "https://cavangtyphu.com/" "Mozilla/5.0 (Windows NT 10.0; Win64; x64) AppleWebKit/537.36 (KHTML, like Gecko) Chrome/65.0.3325.181 Safari/537.36" "-"
123.31.24.16 - - [19/Apr/2018:07:47:59 +0000] "POST /in/empty-coins HTTP/1.1" 200 94 "-" "-" "-"
115.78.5.187 - - [19/Apr/2018:07:48:38 +0000] "OPTIONS /api/users/login HTTP/1.1" 200 5 "-" "Mozilla/5.0 (Windows NT 10.0; Win64; x64) AppleWebKit/537.36 (KHTML, like Gecko) Chrome/65.0.3325.181 Safari/537.36" "-"
115.78.5.187 - - [19/Apr/2018:07:48:40 +0000] "POST /api/users/login HTTP/1.1" 200 1174 "https://cavangtyphu.com/" "Mozilla/5.0 (Windows NT 10.0; Win64; x64) AppleWebKit/537.36 (KHTML, like Gecko) Chrome/65.0.3325.181 Safari/537.36" "-"
115.78.5.187 - - [19/Apr/2018:07:50:52 +0000] "OPTIONS /api/users/login HTTP/1.1" 200 5 "-" "Mozilla/5.0 (Windows NT 10.0; Win64; x64) AppleWebKit/537.36 (KHTML, like Gecko) Chrome/65.0.3325.181 Safari/537.36" "-"
115.78.5.187 - - [19/Apr/2018:07:50:53 +0000] "POST /api/users/login HTTP/1.1" 200 1131 "https://cavangtyphu.com/" "Mozilla/5.0 (Windows NT 10.0; Win64; x64) AppleWebKit/537.36 (KHTML, like Gecko) Chrome/65.0.3325.181 Safari/537.36" "-"
123.31.24.16 - - [19/Apr/2018:07:50:54 +0000] "POST /in/empty-coins HTTP/1.1" 200 94 "-" "-" "-"
115.78.5.187 - - [19/Apr/2018:07:51:06 +0000] "OPTIONS /api/users/login HTTP/1.1" 200 5 "-" "Mozilla/5.0 (Macintosh; Intel Mac OS X 10_13_4) AppleWebKit/537.36 (KHTML, like Gecko) Chrome/65.0.3325.181 Safari/537.36" "-"
115.78.5.187 - - [19/Apr/2018:07:51:07 +0000] "POST /api/users/login HTTP/1.1" 200 1102 "https://gamebaionline.club/" "Mozilla/5.0 (Macintosh; Intel Mac OS X 10_13_4) AppleWebKit/537.36 (KHTML, like Gecko) Chrome/65.0.3325.181 Safari/537.36" "-"
123.31.24.16 - - [19/Apr/2018:07:51:08 +0000] "POST /in/empty-coins HTTP/1.1" 200 94 "-" "-" "-"
115.78.5.187 - - [19/Apr/2018:07:51:13 +0000] "OPTIONS /api/users/login HTTP/1.1" 200 5 "-" "Mozilla/5.0 (Windows NT 10.0; Win64; x64) AppleWebKit/537.36 (KHTML, like Gecko) Chrome/65.0.3325.181 Safari/537.36" "-"
115.78.5.187 - - [19/Apr/2018:07:51:13 +0000] "POST /api/users/login HTTP/1.1" 200 1110 "https://cavangtyphu.com/" "Mozilla/5.0 (Windows NT 10.0; Win64; x64) AppleWebKit/537.36 (KHTML, like Gecko) Chrome/65.0.3325.181 Safari/537.36" "-"
123.31.24.16 - - [19/Apr/2018:07:51:14 +0000] "POST /in/empty-coins HTTP/1.1" 200 94 "-" "-" "-"
113.172.238.33 - - [19/Apr/2018:07:51:21 +0000] "OPTIONS /api/users HTTP/1.1" 200 5 "-" "Mozilla/5.0 (Windows NT 6.1) AppleWebKit/537.36 (KHTML, like Gecko) Chrome/64.0.3282.186 Safari/537.36" "-"
113.172.238.33 - - [19/Apr/2018:07:51:22 +0000] "POST /api/users HTTP/1.1" 200 436 "https://cavangtyphu.com/" "Mozilla/5.0 (Windows NT 6.1) AppleWebKit/537.36 (KHTML, like Gecko) Chrome/64.0.3282.186 Safari/537.36" "-"
113.172.238.33 - - [19/Apr/2018:07:51:22 +0000] "OPTIONS /api/users/login HTTP/1.1" 200 5 "-" "Mozilla/5.0 (Windows NT 6.1) AppleWebKit/537.36 (KHTML, like Gecko) Chrome/64.0.3282.186 Safari/537.36" "-"
113.172.238.33 - - [19/Apr/2018:07:51:22 +0000] "POST /api/users/login HTTP/1.1" 200 1114 "https://cavangtyphu.com/" "Mozilla/5.0 (Windows NT 6.1) AppleWebKit/537.36 (KHTML, like Gecko) Chrome/64.0.3282.186 Safari/537.36" "-"
115.78.5.187 - - [19/Apr/2018:07:51:58 +0000] "GET /api/captcha? HTTP/1.1" 200 928 "https://cavangtyphu.com/" "Mozilla/5.0 (Windows NT 10.0; Win64; x64) AppleWebKit/537.36 (KHTML, like Gecko) Chrome/65.0.3325.181 Safari/537.36" "-"
115.78.5.187 - - [19/Apr/2018:07:52:06 +0000] "OPTIONS /api/users HTTP/1.1" 200 5 "-" "Mozilla/5.0 (Windows NT 10.0; Win64; x64) AppleWebKit/537.36 (KHTML, like Gecko) Chrome/65.0.3325.181 Safari/537.36" "-"
115.78.5.187 - - [19/Apr/2018:07:52:06 +0000] "POST /api/users HTTP/1.1" 200 80 "https://cavangtyphu.com/" "Mozilla/5.0 (Windows NT 10.0; Win64; x64) AppleWebKit/537.36 (KHTML, like Gecko) Chrome/65.0.3325.181 Safari/537.36" "-"
115.78.5.187 - - [19/Apr/2018:07:52:08 +0000] "POST /api/users HTTP/1.1" 200 80 "https://cavangtyphu.com/" "Mozilla/5.0 (Windows NT 10.0; Win64; x64) AppleWebKit/537.36 (KHTML, like Gecko) Chrome/65.0.3325.181 Safari/537.36" "-"
115.78.5.187 - - [19/Apr/2018:07:52:12 +0000] "OPTIONS /api/users HTTP/1.1" 200 5 "-" "Mozilla/5.0 (Windows NT 10.0; Win64; x64) AppleWebKit/537.36 (KHTML, like Gecko) Chrome/65.0.3325.181 Safari/537.36" "-"
115.78.5.187 - - [19/Apr/2018:07:52:13 +0000] "POST /api/users HTTP/1.1" 200 80 "https://cavangtyphu.com/" "Mozilla/5.0 (Windows NT 10.0; Win64; x64) AppleWebKit/537.36 (KHTML, like Gecko) Chrome/65.0.3325.181 Safari/537.36" "-"
113.172.238.33 - - [19/Apr/2018:07:52:13 +0000] "OPTIONS /api/users HTTP/1.1" 200 5 "-" "Mozilla/5.0 (Windows NT 6.1) AppleWebKit/537.36 (KHTML, like Gecko) Chrome/64.0.3282.186 Safari/537.36" "-"
113.172.238.33 - - [19/Apr/2018:07:52:13 +0000] "PUT /api/users HTTP/1.1" 200 370 "https://cavangtyphu.com/" "Mozilla/5.0 (Windows NT 6.1) AppleWebKit/537.36 (KHTML, like Gecko) Chrome/64.0.3282.186 Safari/537.36" "-"
113.172.238.33 - - [19/Apr/2018:07:52:13 +0000] "OPTIONS /api/users/login HTTP/1.1" 200 5 "-" "Mozilla/5.0 (Windows NT 6.1) AppleWebKit/537.36 (KHTML, like Gecko) Chrome/64.0.3282.186 Safari/537.36" "-"
113.172.238.33 - - [19/Apr/2018:07:52:14 +0000] "POST /api/users/login HTTP/1.1" 200 1097 "https://cavangtyphu.com/" "Mozilla/5.0 (Windows NT 6.1) AppleWebKit/537.36 (KHTML, like Gecko) Chrome/64.0.3282.186 Safari/537.36" "-"
123.31.24.16 - - [19/Apr/2018:07:52:15 +0000] "POST /in/empty-coins HTTP/1.1" 200 94 "-" "-" "-"
115.78.5.187 - - [19/Apr/2018:07:52:18 +0000] "OPTIONS /api/users/login HTTP/1.1" 200 5 "-" "Mozilla/5.0 (Windows NT 10.0; Win64; x64) AppleWebKit/537.36 (KHTML, like Gecko) Chrome/65.0.3325.181 Safari/537.36" "-"
115.78.5.187 - - [19/Apr/2018:07:52:18 +0000] "POST /api/users/login HTTP/1.1" 200 1107 "https://cavangtyphu.com/" "Mozilla/5.0 (Windows NT 10.0; Win64; x64) AppleWebKit/537.36 (KHTML, like Gecko) Chrome/65.0.3325.181 Safari/537.36" "-"
113.172.238.33 - - [19/Apr/2018:07:52:41 +0000] "GET /api/captcha? HTTP/1.1" 200 857 "https://cavangtyphu.com/" "Mozilla/5.0 (Windows NT 6.1) AppleWebKit/537.36 (KHTML, like Gecko) Chrome/64.0.3282.186 Safari/537.36" "-"
115.78.5.187 - - [19/Apr/2018:07:52:44 +0000] "OPTIONS /api/users/login HTTP/1.1" 200 5 "-" "Mozilla/5.0 (Windows NT 10.0; Win64; x64) AppleWebKit/537.36 (KHTML, like Gecko) Chrome/65.0.3325.181 Safari/537.36" "-"
115.78.5.187 - - [19/Apr/2018:07:52:45 +0000] "POST /api/users/login HTTP/1.1" 200 1111 "https://cavangtyphu.com/" "Mozilla/5.0 (Windows NT 10.0; Win64; x64) AppleWebKit/537.36 (KHTML, like Gecko) Chrome/65.0.3325.181 Safari/537.36" "-"
115.78.5.187 - - [19/Apr/2018:07:52:45 +0000] "OPTIONS /api/users/login HTTP/1.1" 200 5 "-" "Mozilla/5.0 (Windows NT 10.0; Win64; x64) AppleWebKit/537.36 (KHTML, like Gecko) Chrome/65.0.3325.181 Safari/537.36" "-"
123.31.24.16 - - [19/Apr/2018:07:52:45 +0000] "POST /in/empty-coins HTTP/1.1" 200 94 "-" "-" "-"
115.78.5.187 - - [19/Apr/2018:07:52:46 +0000] "POST /api/users/login HTTP/1.1" 200 1173 "https://cavangtyphu.com/" "Mozilla/5.0 (Windows NT 10.0; Win64; x64) AppleWebKit/537.36 (KHTML, like Gecko) Chrome/65.0.3325.181 Safari/537.36" "-"
113.172.238.33 - - [19/Apr/2018:07:53:02 +0000] "OPTIONS /api/users HTTP/1.1" 200 5 "-" "Mozilla/5.0 (Windows NT 6.1) AppleWebKit/537.36 (KHTML, like Gecko) Chrome/64.0.3282.186 Safari/537.36" "-"
113.172.238.33 - - [19/Apr/2018:07:53:02 +0000] "POST /api/users HTTP/1.1" 200 349 "https://cavangtyphu.com/" "Mozilla/5.0 (Windows NT 6.1) AppleWebKit/537.36 (KHTML, like Gecko) Chrome/64.0.3282.186 Safari/537.36" "-"
113.172.238.33 - - [19/Apr/2018:07:56:01 +0000] "OPTIONS /api/users HTTP/1.1" 200 5 "-" "Mozilla/5.0 (Windows NT 6.1) AppleWebKit/537.36 (KHTML, like Gecko) Chrome/64.0.3282.186 Safari/537.36" "-"
113.172.238.33 - - [19/Apr/2018:07:56:02 +0000] "POST /api/users HTTP/1.1" 200 436 "https://cavangtyphu.com/" "Mozilla/5.0 (Windows NT 6.1) AppleWebKit/537.36 (KHTML, like Gecko) Chrome/64.0.3282.186 Safari/537.36" "-"
113.172.238.33 - - [19/Apr/2018:07:56:02 +0000] "OPTIONS /api/users/login HTTP/1.1" 200 5 "-" "Mozilla/5.0 (Windows NT 6.1) AppleWebKit/537.36 (KHTML, like Gecko) Chrome/64.0.3282.186 Safari/537.36" "-"
113.172.238.33 - - [19/Apr/2018:07:56:02 +0000] "POST /api/users/login HTTP/1.1" 200 1117 "https://cavangtyphu.com/" "Mozilla/5.0 (Windows NT 6.1) AppleWebKit/537.36 (KHTML, like Gecko) Chrome/64.0.3282.186 Safari/537.36" "-"
113.172.238.33 - - [19/Apr/2018:07:56:13 +0000] "OPTIONS /api/users HTTP/1.1" 200 5 "-" "Mozilla/5.0 (Windows NT 6.1) AppleWebKit/537.36 (KHTML, like Gecko) Chrome/64.0.3282.186 Safari/537.36" "-"
113.172.238.33 - - [19/Apr/2018:07:56:14 +0000] "PUT /api/users HTTP/1.1" 200 318 "https://cavangtyphu.com/" "Mozilla/5.0 (Windows NT 6.1) AppleWebKit/537.36 (KHTML, like Gecko) Chrome/64.0.3282.186 Safari/537.36" "-"
113.172.238.33 - - [19/Apr/2018:07:57:40 +0000] "OPTIONS /api/users HTTP/1.1" 200 5 "-" "Mozilla/5.0 (Windows NT 6.1) AppleWebKit/537.36 (KHTML, like Gecko) Chrome/64.0.3282.186 Safari/537.36" "-"
113.172.238.33 - - [19/Apr/2018:07:57:41 +0000] "PUT /api/users HTTP/1.1" 200 318 "https://cavangtyphu.com/" "Mozilla/5.0 (Windows NT 6.1) AppleWebKit/537.36 (KHTML, like Gecko) Chrome/64.0.3282.186 Safari/537.36" "-"
115.78.5.187 - - [19/Apr/2018:07:58:16 +0000] "OPTIONS /api/users/login HTTP/1.1" 200 5 "-" "Mozilla/5.0 (Windows NT 10.0; Win64; x64) AppleWebKit/537.36 (KHTML, like Gecko) Chrome/65.0.3325.181 Safari/537.36" "-"
115.78.5.187 - - [19/Apr/2018:07:58:16 +0000] "POST /api/users/login HTTP/1.1" 200 1109 "https://cavangtyphu.com/" "Mozilla/5.0 (Windows NT 10.0; Win64; x64) AppleWebKit/537.36 (KHTML, like Gecko) Chrome/65.0.3325.181 Safari/537.36" "-"
115.78.5.187 - - [19/Apr/2018:07:58:38 +0000] "OPTIONS /api/users/login HTTP/1.1" 200 5 "-" "Mozilla/5.0 (Windows NT 10.0; Win64; x64) AppleWebKit/537.36 (KHTML, like Gecko) Chrome/65.0.3325.181 Safari/537.36" "-"
115.78.5.187 - - [19/Apr/2018:07:58:38 +0000] "POST /api/users/login HTTP/1.1" 200 1108 "https://cavangtyphu.com/" "Mozilla/5.0 (Windows NT 10.0; Win64; x64) AppleWebKit/537.36 (KHTML, like Gecko) Chrome/65.0.3325.181 Safari/537.36" "-"
123.31.24.16 - - [19/Apr/2018:07:58:39 +0000] "POST /in/empty-coins HTTP/1.1" 200 94 "-" "-" "-"
113.172.238.33 - - [19/Apr/2018:08:01:09 +0000] "OPTIONS /api/users HTTP/1.1" 200 5 "-" "Mozilla/5.0 (Windows NT 6.1) AppleWebKit/537.36 (KHTML, like Gecko) Chrome/64.0.3282.186 Safari/537.36" "-"
113.172.238.33 - - [19/Apr/2018:08:01:09 +0000] "PUT /api/users HTTP/1.1" 200 370 "https://cavangtyphu.com/" "Mozilla/5.0 (Windows NT 6.1) AppleWebKit/537.36 (KHTML, like Gecko) Chrome/64.0.3282.186 Safari/537.36" "-"
113.172.238.33 - - [19/Apr/2018:08:01:09 +0000] "OPTIONS /api/users/login HTTP/1.1" 200 5 "-" "Mozilla/5.0 (Windows NT 6.1) AppleWebKit/537.36 (KHTML, like Gecko) Chrome/64.0.3282.186 Safari/537.36" "-"
113.172.238.33 - - [19/Apr/2018:08:01:10 +0000] "POST /api/users/login HTTP/1.1" 200 1096 "https://cavangtyphu.com/" "Mozilla/5.0 (Windows NT 6.1) AppleWebKit/537.36 (KHTML, like Gecko) Chrome/64.0.3282.186 Safari/537.36" "-"
113.172.238.33 - - [19/Apr/2018:08:02:28 +0000] "OPTIONS /api/users HTTP/1.1" 200 5 "-" "Mozilla/5.0 (Windows NT 6.1) AppleWebKit/537.36 (KHTML, like Gecko) Chrome/64.0.3282.186 Safari/537.36" "-"
113.172.238.33 - - [19/Apr/2018:08:02:29 +0000] "PUT /api/users HTTP/1.1" 200 110 "https://cavangtyphu.com/" "Mozilla/5.0 (Windows NT 6.1) AppleWebKit/537.36 (KHTML, like Gecko) Chrome/64.0.3282.186 Safari/537.36" "-"
113.172.238.33 - - [19/Apr/2018:08:02:43 +0000] "OPTIONS /api/users HTTP/1.1" 200 5 "-" "Mozilla/5.0 (Windows NT 6.1) AppleWebKit/537.36 (KHTML, like Gecko) Chrome/64.0.3282.186 Safari/537.36" "-"
113.172.238.33 - - [19/Apr/2018:08:02:44 +0000] "PUT /api/users HTTP/1.1" 200 370 "https://cavangtyphu.com/" "Mozilla/5.0 (Windows NT 6.1) AppleWebKit/537.36 (KHTML, like Gecko) Chrome/64.0.3282.186 Safari/537.36" "-"
113.172.238.33 - - [19/Apr/2018:08:02:44 +0000] "OPTIONS /api/users/login HTTP/1.1" 200 5 "-" "Mozilla/5.0 (Windows NT 6.1) AppleWebKit/537.36 (KHTML, like Gecko) Chrome/64.0.3282.186 Safari/537.36" "-"
113.172.238.33 - - [19/Apr/2018:08:02:44 +0000] "POST /api/users/login HTTP/1.1" 200 1098 "https://cavangtyphu.com/" "Mozilla/5.0 (Windows NT 6.1) AppleWebKit/537.36 (KHTML, like Gecko) Chrome/64.0.3282.186 Safari/537.36" "-"
115.78.5.187 - - [19/Apr/2018:08:03:00 +0000] "OPTIONS /api/users/login HTTP/1.1" 200 5 "-" "Mozilla/5.0 (Windows NT 10.0; Win64; x64) AppleWebKit/537.36 (KHTML, like Gecko) Chrome/65.0.3325.181 Safari/537.36" "-"
115.78.5.187 - - [19/Apr/2018:08:03:01 +0000] "POST /api/users/login HTTP/1.1" 200 1110 "https://cavangtyphu.com/" "Mozilla/5.0 (Windows NT 10.0; Win64; x64) AppleWebKit/537.36 (KHTML, like Gecko) Chrome/65.0.3325.181 Safari/537.36" "-"
123.31.24.16 - - [19/Apr/2018:08:03:01 +0000] "POST /in/empty-coins HTTP/1.1" 200 94 "-" "-" "-"
42.115.137.116 - - [19/Apr/2018:08:03:37 +0000] "OPTIONS /api/users/login HTTP/1.1" 200 5 "-" "Mozilla/5.0 (Macintosh; Intel Mac OS X 10_12_6) AppleWebKit/537.36 (KHTML, like Gecko) Chrome/65.0.3325.181 Safari/537.36" "-"
42.115.137.116 - - [19/Apr/2018:08:03:37 +0000] "POST /api/users/login HTTP/1.1" 200 136 "https://gamebaionline.club/" "Mozilla/5.0 (Macintosh; Intel Mac OS X 10_12_6) AppleWebKit/537.36 (KHTML, like Gecko) Chrome/65.0.3325.181 Safari/537.36" "-"
115.78.5.187 - - [19/Apr/2018:08:03:38 +0000] "OPTIONS /api/users/login HTTP/1.1" 200 5 "-" "Mozilla/5.0 (Windows NT 10.0; Win64; x64) AppleWebKit/537.36 (KHTML, like Gecko) Chrome/65.0.3325.181 Safari/537.36" "-"
115.78.5.187 - - [19/Apr/2018:08:03:39 +0000] "POST /api/users/login HTTP/1.1" 200 1109 "https://cavangtyphu.com/" "Mozilla/5.0 (Windows NT 10.0; Win64; x64) AppleWebKit/537.36 (KHTML, like Gecko) Chrome/65.0.3325.181 Safari/537.36" "-"
123.31.24.16 - - [19/Apr/2018:08:03:39 +0000] "POST /in/empty-coins HTTP/1.1" 200 94 "-" "-" "-"
42.115.137.116 - - [19/Apr/2018:08:03:43 +0000] "OPTIONS /api/users/login HTTP/1.1" 200 5 "-" "Mozilla/5.0 (Macintosh; Intel Mac OS X 10_12_6) AppleWebKit/537.36 (KHTML, like Gecko) Chrome/65.0.3325.181 Safari/537.36" "-"
42.115.137.116 - - [19/Apr/2018:08:03:44 +0000] "POST /api/users/login HTTP/1.1" 200 136 "https://gamebaionline.club/" "Mozilla/5.0 (Macintosh; Intel Mac OS X 10_12_6) AppleWebKit/537.36 (KHTML, like Gecko) Chrome/65.0.3325.181 Safari/537.36" "-"
42.115.137.116 - - [19/Apr/2018:08:03:56 +0000] "OPTIONS /api/users/login HTTP/1.1" 200 5 "-" "Mozilla/5.0 (Macintosh; Intel Mac OS X 10_12_6) AppleWebKit/537.36 (KHTML, like Gecko) Chrome/65.0.3325.181 Safari/537.36" "-"
42.115.137.116 - - [19/Apr/2018:08:03:57 +0000] "POST /api/users/login HTTP/1.1" 200 136 "https://gamebaionline.club/" "Mozilla/5.0 (Macintosh; Intel Mac OS X 10_12_6) AppleWebKit/537.36 (KHTML, like Gecko) Chrome/65.0.3325.181 Safari/537.36" "-"
115.78.5.187 - - [19/Apr/2018:08:04:05 +0000] "OPTIONS /api/users/login HTTP/1.1" 200 5 "-" "Mozilla/5.0 (Windows NT 10.0; Win64; x64) AppleWebKit/537.36 (KHTML, like Gecko) Chrome/65.0.3325.181 Safari/537.36" "-"
115.78.5.187 - - [19/Apr/2018:08:04:06 +0000] "POST /api/users/login HTTP/1.1" 200 1110 "https://cavangtyphu.com/" "Mozilla/5.0 (Windows NT 10.0; Win64; x64) AppleWebKit/537.36 (KHTML, like Gecko) Chrome/65.0.3325.181 Safari/537.36" "-"
123.31.24.16 - - [19/Apr/2018:08:04:06 +0000] "POST /in/empty-coins HTTP/1.1" 200 94 "-" "-" "-"
113.172.238.33 - - [19/Apr/2018:08:08:43 +0000] "OPTIONS /api/users/login HTTP/1.1" 200 5 "-" "Mozilla/5.0 (Windows NT 6.1) AppleWebKit/537.36 (KHTML, like Gecko) Chrome/64.0.3282.186 Safari/537.36" "-"
113.172.238.33 - - [19/Apr/2018:08:08:43 +0000] "POST /api/users/login HTTP/1.1" 200 1097 "https://cavangtyphu.com/" "Mozilla/5.0 (Windows NT 6.1) AppleWebKit/537.36 (KHTML, like Gecko) Chrome/64.0.3282.186 Safari/537.36" "-"
123.31.24.16 - - [19/Apr/2018:08:08:44 +0000] "POST /in/empty-coins HTTP/1.1" 200 94 "-" "-" "-"
113.172.238.33 - - [19/Apr/2018:08:09:42 +0000] "OPTIONS /api/users/login HTTP/1.1" 200 5 "-" "Mozilla/5.0 (Windows NT 6.1) AppleWebKit/537.36 (KHTML, like Gecko) Chrome/64.0.3282.186 Safari/537.36" "-"
113.172.238.33 - - [19/Apr/2018:08:09:42 +0000] "POST /api/users/login HTTP/1.1" 200 1098 "https://cavangtyphu.com/" "Mozilla/5.0 (Windows NT 6.1) AppleWebKit/537.36 (KHTML, like Gecko) Chrome/64.0.3282.186 Safari/537.36" "-"
123.31.24.16 - - [19/Apr/2018:08:09:43 +0000] "POST /in/empty-coins HTTP/1.1" 200 94 "-" "-" "-"
42.115.137.116 - - [19/Apr/2018:08:09:50 +0000] "OPTIONS /api/users/login HTTP/1.1" 200 5 "-" "Mozilla/5.0 (Macintosh; Intel Mac OS X 10_12_6) AppleWebKit/537.36 (KHTML, like Gecko) Chrome/65.0.3325.181 Safari/537.36" "-"
42.115.137.116 - - [19/Apr/2018:08:09:51 +0000] "POST /api/users/login HTTP/1.1" 200 136 "http://localhost:63342/g68_bancaweb_client/bancaweb_client/index.html" "Mozilla/5.0 (Macintosh; Intel Mac OS X 10_12_6) AppleWebKit/537.36 (KHTML, like Gecko) Chrome/65.0.3325.181 Safari/537.36" "-"
113.172.238.33 - - [19/Apr/2018:08:10:11 +0000] "OPTIONS /api/users/login HTTP/1.1" 200 5 "-" "Mozilla/5.0 (Windows NT 6.1) AppleWebKit/537.36 (KHTML, like Gecko) Chrome/64.0.3282.186 Safari/537.36" "-"
113.172.238.33 - - [19/Apr/2018:08:10:12 +0000] "POST /api/users/login HTTP/1.1" 200 1098 "https://cavangtyphu.com/" "Mozilla/5.0 (Windows NT 6.1) AppleWebKit/537.36 (KHTML, like Gecko) Chrome/64.0.3282.186 Safari/537.36" "-"
123.31.24.16 - - [19/Apr/2018:08:10:12 +0000] "POST /in/empty-coins HTTP/1.1" 200 94 "-" "-" "-"
113.172.238.33 - - [19/Apr/2018:08:10:34 +0000] "OPTIONS /api/users/login HTTP/1.1" 200 5 "-" "Mozilla/5.0 (Windows NT 6.1) AppleWebKit/537.36 (KHTML, like Gecko) Chrome/64.0.3282.186 Safari/537.36" "-"
113.172.238.33 - - [19/Apr/2018:08:10:35 +0000] "POST /api/users/login HTTP/1.1" 200 1097 "https://cavangtyphu.com/" "Mozilla/5.0 (Windows NT 6.1) AppleWebKit/537.36 (KHTML, like Gecko) Chrome/64.0.3282.186 Safari/537.36" "-"
123.31.24.16 - - [19/Apr/2018:08:10:35 +0000] "POST /in/empty-coins HTTP/1.1" 200 94 "-" "-" "-"
113.172.238.33 - - [19/Apr/2018:08:11:26 +0000] "OPTIONS /api/users/login HTTP/1.1" 200 5 "-" "Mozilla/5.0 (Windows NT 6.1) AppleWebKit/537.36 (KHTML, like Gecko) Chrome/64.0.3282.186 Safari/537.36" "-"
113.172.238.33 - - [19/Apr/2018:08:11:26 +0000] "POST /api/users/login HTTP/1.1" 200 1096 "https://cavangtyphu.com/" "Mozilla/5.0 (Windows NT 6.1) AppleWebKit/537.36 (KHTML, like Gecko) Chrome/64.0.3282.186 Safari/537.36" "-"
123.31.24.16 - - [19/Apr/2018:08:11:27 +0000] "POST /in/empty-coins HTTP/1.1" 200 94 "-" "-" "-"
210.245.103.70 - - [19/Apr/2018:08:12:09 +0000] "GET /api/users/login HTTP/1.1" 405 453976 "-" "Mozilla/5.0 (Windows NT 10.0; Win64; x64) AppleWebKit/537.36 (KHTML, like Gecko) Chrome/65.0.3325.181 Safari/537.36" "-"
210.245.103.70 - - [19/Apr/2018:08:12:11 +0000] "GET /_debugbar/assets/stylesheets?v=1522683303 HTTP/1.1" 200 211345 "https://api.gamebaionline.club/api/users/login" "Mozilla/5.0 (Windows NT 10.0; Win64; x64) AppleWebKit/537.36 (KHTML, like Gecko) Chrome/65.0.3325.181 Safari/537.36" "-"
210.245.103.70 - - [19/Apr/2018:08:12:12 +0000] "GET /_debugbar/assets/javascript?v=1522683303 HTTP/1.1" 200 370728 "https://api.gamebaionline.club/api/users/login" "Mozilla/5.0 (Windows NT 10.0; Win64; x64) AppleWebKit/537.36 (KHTML, like Gecko) Chrome/65.0.3325.181 Safari/537.36" "-"
210.245.103.70 - - [19/Apr/2018:08:12:13 +0000] "GET /favicon.ico HTTP/1.1" 200 0 "https://api.gamebaionline.club/api/users/login" "Mozilla/5.0 (Windows NT 10.0; Win64; x64) AppleWebKit/537.36 (KHTML, like Gecko) Chrome/65.0.3325.181 Safari/537.36" "-"
120.138.68.219 - - [19/Apr/2018:08:12:22 +0000] "GET /api/users/login HTTP/1.1" 405 343830 "-" "Mozilla/5.0 (Windows NT 6.2; Win64; x64) AppleWebKit/537.36 (KHTML, like Gecko) Chrome/32.0.1667.0 Safari/537.36 _zbot" "-"
149.154.167.167 - - [19/Apr/2018:08:12:25 +0000] "GET /api/users/login HTTP/1.1" 405 446742 "-" "TelegramBot (like TwitterBot)" "-"
113.172.238.33 - - [19/Apr/2018:08:12:26 +0000] "OPTIONS /api/users/login HTTP/1.1" 200 5 "-" "Mozilla/5.0 (Windows NT 6.1) AppleWebKit/537.36 (KHTML, like Gecko) Chrome/64.0.3282.186 Safari/537.36" "-"
113.172.238.33 - - [19/Apr/2018:08:12:26 +0000] "POST /api/users/login HTTP/1.1" 200 136 "https://cavangtyphu.com/" "Mozilla/5.0 (Windows NT 6.1) AppleWebKit/537.36 (KHTML, like Gecko) Chrome/64.0.3282.186 Safari/537.36" "-"
113.172.238.33 - - [19/Apr/2018:08:12:36 +0000] "OPTIONS /api/users/login HTTP/1.1" 200 5 "-" "Mozilla/5.0 (Windows NT 6.1) AppleWebKit/537.36 (KHTML, like Gecko) Chrome/64.0.3282.186 Safari/537.36" "-"
113.172.238.33 - - [19/Apr/2018:08:12:36 +0000] "POST /api/users/login HTTP/1.1" 200 136 "https://cavangtyphu.com/" "Mozilla/5.0 (Windows NT 6.1) AppleWebKit/537.36 (KHTML, like Gecko) Chrome/64.0.3282.186 Safari/537.36" "-"
113.172.238.33 - - [19/Apr/2018:08:12:42 +0000] "GET /api/captcha? HTTP/1.1" 200 887 "https://cavangtyphu.com/" "Mozilla/5.0 (Windows NT 6.1) AppleWebKit/537.36 (KHTML, like Gecko) Chrome/64.0.3282.186 Safari/537.36" "-"
113.172.238.33 - - [19/Apr/2018:08:13:04 +0000] "OPTIONS /api/users HTTP/1.1" 200 5 "-" "Mozilla/5.0 (Windows NT 6.1) AppleWebKit/537.36 (KHTML, like Gecko) Chrome/64.0.3282.186 Safari/537.36" "-"
113.172.238.33 - - [19/Apr/2018:08:13:04 +0000] "POST /api/users HTTP/1.1" 200 436 "https://cavangtyphu.com/" "Mozilla/5.0 (Windows NT 6.1) AppleWebKit/537.36 (KHTML, like Gecko) Chrome/64.0.3282.186 Safari/537.36" "-"
113.172.238.33 - - [19/Apr/2018:08:13:04 +0000] "OPTIONS /api/users/login HTTP/1.1" 200 5 "-" "Mozilla/5.0 (Windows NT 6.1) AppleWebKit/537.36 (KHTML, like Gecko) Chrome/64.0.3282.186 Safari/537.36" "-"
113.172.238.33 - - [19/Apr/2018:08:13:05 +0000] "POST /api/users/login HTTP/1.1" 200 1111 "https://cavangtyphu.com/" "Mozilla/5.0 (Windows NT 6.1) AppleWebKit/537.36 (KHTML, like Gecko) Chrome/64.0.3282.186 Safari/537.36" "-"
115.78.5.187 - - [19/Apr/2018:08:13:31 +0000] "OPTIONS /api/users/login HTTP/1.1" 200 5 "-" "Mozilla/5.0 (Windows NT 10.0; Win64; x64) AppleWebKit/537.36 (KHTML, like Gecko) Chrome/65.0.3325.181 Safari/537.36" "-"
115.78.5.187 - - [19/Apr/2018:08:13:32 +0000] "POST /api/users/login HTTP/1.1" 200 1172 "https://cavangtyphu.com/" "Mozilla/5.0 (Windows NT 10.0; Win64; x64) AppleWebKit/537.36 (KHTML, like Gecko) Chrome/65.0.3325.181 Safari/537.36" "-"
115.78.5.187 - - [19/Apr/2018:08:13:40 +0000] "OPTIONS /api/users HTTP/1.1" 200 5 "-" "Mozilla/5.0 (Windows NT 10.0; Win64; x64) AppleWebKit/537.36 (KHTML, like Gecko) Chrome/65.0.3325.181 Safari/537.36" "-"
115.78.5.187 - - [19/Apr/2018:08:13:40 +0000] "PUT /api/users HTTP/1.1" 200 318 "https://cavangtyphu.com/" "Mozilla/5.0 (Windows NT 10.0; Win64; x64) AppleWebKit/537.36 (KHTML, like Gecko) Chrome/65.0.3325.181 Safari/537.36" "-"
113.172.238.33 - - [19/Apr/2018:08:13:53 +0000] "OPTIONS /api/users HTTP/1.1" 200 5 "-" "Mozilla/5.0 (Windows NT 6.1) AppleWebKit/537.36 (KHTML, like Gecko) Chrome/64.0.3282.186 Safari/537.36" "-"
113.172.238.33 - - [19/Apr/2018:08:13:53 +0000] "PUT /api/users HTTP/1.1" 200 371 "https://cavangtyphu.com/" "Mozilla/5.0 (Windows NT 6.1) AppleWebKit/537.36 (KHTML, like Gecko) Chrome/64.0.3282.186 Safari/537.36" "-"
113.172.238.33 - - [19/Apr/2018:08:13:53 +0000] "OPTIONS /api/users/login HTTP/1.1" 200 5 "-" "Mozilla/5.0 (Windows NT 6.1) AppleWebKit/537.36 (KHTML, like Gecko) Chrome/64.0.3282.186 Safari/537.36" "-"
113.172.238.33 - - [19/Apr/2018:08:13:54 +0000] "POST /api/users/login HTTP/1.1" 200 1096 "https://cavangtyphu.com/" "Mozilla/5.0 (Windows NT 6.1) AppleWebKit/537.36 (KHTML, like Gecko) Chrome/64.0.3282.186 Safari/537.36" "-"
123.31.24.16 - - [19/Apr/2018:08:13:54 +0000] "POST /in/empty-coins HTTP/1.1" 200 94 "-" "-" "-"
210.245.103.70 - - [19/Apr/2018:08:14:14 +0000] "POST /api/users/login HTTP/1.1" 200 116 "-" "PostmanRuntime/7.1.1" "-"
113.172.238.33 - - [19/Apr/2018:08:16:35 +0000] "OPTIONS /api/users/login HTTP/1.1" 200 5 "-" "Mozilla/5.0 (Windows NT 6.1) AppleWebKit/537.36 (KHTML, like Gecko) Chrome/64.0.3282.186 Safari/537.36" "-"
113.172.238.33 - - [19/Apr/2018:08:16:36 +0000] "POST /api/users/login HTTP/1.1" 200 1097 "https://cavangtyphu.com/" "Mozilla/5.0 (Windows NT 6.1) AppleWebKit/537.36 (KHTML, like Gecko) Chrome/64.0.3282.186 Safari/537.36" "-"
123.31.24.16 - - [19/Apr/2018:08:16:36 +0000] "POST /in/empty-coins HTTP/1.1" 200 94 "-" "-" "-"
115.78.5.187 - - [19/Apr/2018:08:18:06 +0000] "OPTIONS /api/users HTTP/1.1" 200 5 "-" "Mozilla/5.0 (Windows NT 10.0; Win64; x64) AppleWebKit/537.36 (KHTML, like Gecko) Chrome/65.0.3325.181 Safari/537.36" "-"
115.78.5.187 - - [19/Apr/2018:08:18:06 +0000] "PUT /api/users HTTP/1.1" 200 318 "https://cavangtyphu.com/" "Mozilla/5.0 (Windows NT 10.0; Win64; x64) AppleWebKit/537.36 (KHTML, like Gecko) Chrome/65.0.3325.181 Safari/537.36" "-"
210.245.103.70 - - [19/Apr/2018:08:20:50 +0000] "POST /api/users/login HTTP/1.1" 200 116 "-" "PostmanRuntime/7.1.1" "-"
210.245.103.70 - - [19/Apr/2018:08:20:53 +0000] "POST /api/users/login HTTP/1.1" 200 116 "-" "PostmanRuntime/7.1.1" "-"
115.78.5.187 - - [19/Apr/2018:08:22:15 +0000] "OPTIONS /api/users/login HTTP/1.1" 200 5 "-" "Mozilla/5.0 (Windows NT 10.0; Win64; x64) AppleWebKit/537.36 (KHTML, like Gecko) Chrome/65.0.3325.181 Safari/537.36" "-"
115.78.5.187 - - [19/Apr/2018:08:22:16 +0000] "POST /api/users/login HTTP/1.1" 200 1173 "https://cavangtyphu.com/" "Mozilla/5.0 (Windows NT 10.0; Win64; x64) AppleWebKit/537.36 (KHTML, like Gecko) Chrome/65.0.3325.181 Safari/537.36" "-"
113.172.238.33 - - [19/Apr/2018:08:22:16 +0000] "OPTIONS /api/users/login HTTP/1.1" 200 5 "-" "Mozilla/5.0 (Windows NT 6.1) AppleWebKit/537.36 (KHTML, like Gecko) Chrome/64.0.3282.186 Safari/537.36" "-"
113.172.238.33 - - [19/Apr/2018:08:22:16 +0000] "POST /api/users/login HTTP/1.1" 200 1102 "https://cavangtyphu.com/" "Mozilla/5.0 (Windows NT 6.1) AppleWebKit/537.36 (KHTML, like Gecko) Chrome/64.0.3282.186 Safari/537.36" "-"
123.31.24.16 - - [19/Apr/2018:08:22:17 +0000] "POST /in/empty-coins HTTP/1.1" 200 94 "-" "-" "-"
217.146.137.37 - - [19/Apr/2018:08:23:13 +0000] "PROPFIND / HTTP/1.1" 405 174 "-" "-" "-"
217.146.137.37 - - [19/Apr/2018:08:23:14 +0000] "POST /wls-wsat/CoordinatorPortType HTTP/1.1" 404 26926 "-" "Mozilla/5.0 (Windows NT 6.1; rv:5.0) Gecko/20100101 Firefox/5.0" "-"
113.172.238.33 - - [19/Apr/2018:08:23:47 +0000] "OPTIONS /api/users/login HTTP/1.1" 200 5 "-" "Mozilla/5.0 (Windows NT 6.1) AppleWebKit/537.36 (KHTML, like Gecko) Chrome/64.0.3282.186 Safari/537.36" "-"
113.172.238.33 - - [19/Apr/2018:08:23:47 +0000] "POST /api/users/login HTTP/1.1" 200 1097 "https://cavangtyphu.com/" "Mozilla/5.0 (Windows NT 6.1) AppleWebKit/537.36 (KHTML, like Gecko) Chrome/64.0.3282.186 Safari/537.36" "-"
123.31.24.16 - - [19/Apr/2018:08:23:48 +0000] "POST /in/empty-coins HTTP/1.1" 200 94 "-" "-" "-"
115.78.5.187 - - [19/Apr/2018:08:24:06 +0000] "OPTIONS /api/users HTTP/1.1" 200 5 "-" "Mozilla/5.0 (Windows NT 10.0; Win64; x64) AppleWebKit/537.36 (KHTML, like Gecko) Chrome/65.0.3325.181 Safari/537.36" "-"
115.78.5.187 - - [19/Apr/2018:08:24:06 +0000] "PUT /api/users HTTP/1.1" 200 417 "https://cavangtyphu.com/" "Mozilla/5.0 (Windows NT 10.0; Win64; x64) AppleWebKit/537.36 (KHTML, like Gecko) Chrome/65.0.3325.181 Safari/537.36" "-"
115.78.5.187 - - [19/Apr/2018:08:24:06 +0000] "OPTIONS /api/users/login HTTP/1.1" 200 5 "-" "Mozilla/5.0 (Windows NT 10.0; Win64; x64) AppleWebKit/537.36 (KHTML, like Gecko) Chrome/65.0.3325.181 Safari/537.36" "-"
115.78.5.187 - - [19/Apr/2018:08:24:07 +0000] "POST /api/users/login HTTP/1.1" 200 1143 "https://cavangtyphu.com/" "Mozilla/5.0 (Windows NT 10.0; Win64; x64) AppleWebKit/537.36 (KHTML, like Gecko) Chrome/65.0.3325.181 Safari/537.36" "-"
123.31.24.16 - - [19/Apr/2018:08:24:07 +0000] "POST /in/empty-coins HTTP/1.1" 200 94 "-" "-" "-"
210.245.103.70 - - [19/Apr/2018:08:24:42 +0000] "POST /api/users/login HTTP/1.1" 200 116 "-" "PostmanRuntime/7.1.1" "-"
210.245.103.70 - - [19/Apr/2018:08:24:45 +0000] "POST /api/users/login HTTP/1.1" 200 116 "-" "PostmanRuntime/7.1.1" "-"
115.78.5.187 - - [19/Apr/2018:08:24:59 +0000] "OPTIONS /api/users HTTP/1.1" 200 5 "-" "Mozilla/5.0 (Windows NT 10.0; Win64; x64) AppleWebKit/537.36 (KHTML, like Gecko) Chrome/65.0.3325.181 Safari/537.36" "-"
115.78.5.187 - - [19/Apr/2018:08:25:00 +0000] "PUT /api/users HTTP/1.1" 200 141 "https://cavangtyphu.com/" "Mozilla/5.0 (Windows NT 10.0; Win64; x64) AppleWebKit/537.36 (KHTML, like Gecko) Chrome/65.0.3325.181 Safari/537.36" "-"
210.245.103.70 - - [19/Apr/2018:08:25:14 +0000] "POST /api/users/login HTTP/1.1" 200 116 "-" "PostmanRuntime/7.1.1" "-"
210.245.103.70 - - [19/Apr/2018:08:25:20 +0000] "POST /api/users/login HTTP/1.1" 200 116 "-" "PostmanRuntime/7.1.1" "-"
115.78.5.187 - - [19/Apr/2018:08:25:56 +0000] "OPTIONS /api/users/login HTTP/1.1" 200 5 "-" "Mozilla/5.0 (Windows NT 10.0; Win64; x64) AppleWebKit/537.36 (KHTML, like Gecko) Chrome/65.0.3325.181 Safari/537.36" "-"
115.78.5.187 - - [19/Apr/2018:08:25:58 +0000] "POST /api/users/login HTTP/1.1" 200 1171 "https://gamebaionline.club/" "Mozilla/5.0 (Windows NT 10.0; Win64; x64) AppleWebKit/537.36 (KHTML, like Gecko) Chrome/65.0.3325.181 Safari/537.36" "-"
115.78.5.187 - - [19/Apr/2018:08:26:05 +0000] "OPTIONS /api/users HTTP/1.1" 200 5 "-" "Mozilla/5.0 (Windows NT 10.0; Win64; x64) AppleWebKit/537.36 (KHTML, like Gecko) Chrome/65.0.3325.181 Safari/537.36" "-"
115.78.5.187 - - [19/Apr/2018:08:26:05 +0000] "PUT /api/users HTTP/1.1" 200 412 "https://gamebaionline.club/" "Mozilla/5.0 (Windows NT 10.0; Win64; x64) AppleWebKit/537.36 (KHTML, like Gecko) Chrome/65.0.3325.181 Safari/537.36" "-"
115.78.5.187 - - [19/Apr/2018:08:26:06 +0000] "OPTIONS /api/users/login HTTP/1.1" 200 5 "-" "Mozilla/5.0 (Windows NT 10.0; Win64; x64) AppleWebKit/537.36 (KHTML, like Gecko) Chrome/65.0.3325.181 Safari/537.36" "-"
115.78.5.187 - - [19/Apr/2018:08:26:06 +0000] "POST /api/users/login HTTP/1.1" 200 1140 "https://gamebaionline.club/" "Mozilla/5.0 (Windows NT 10.0; Win64; x64) AppleWebKit/537.36 (KHTML, like Gecko) Chrome/65.0.3325.181 Safari/537.36" "-"
123.31.24.16 - - [19/Apr/2018:08:26:07 +0000] "POST /in/empty-coins HTTP/1.1" 200 94 "-" "-" "-"
115.78.5.187 - - [19/Apr/2018:08:26:58 +0000] "OPTIONS /api/users/login HTTP/1.1" 200 5 "-" "Mozilla/5.0 (Windows NT 10.0; Win64; x64) AppleWebKit/537.36 (KHTML, like Gecko) Chrome/65.0.3325.181 Safari/537.36" "-"
115.78.5.187 - - [19/Apr/2018:08:26:59 +0000] "POST /api/users/login HTTP/1.1" 200 1140 "https://gamebaionline.club/" "Mozilla/5.0 (Windows NT 10.0; Win64; x64) AppleWebKit/537.36 (KHTML, like Gecko) Chrome/65.0.3325.181 Safari/537.36" "-"
123.31.24.16 - - [19/Apr/2018:08:26:59 +0000] "POST /in/empty-coins HTTP/1.1" 200 94 "-" "-" "-"
115.78.5.187 - - [19/Apr/2018:08:27:01 +0000] "OPTIONS /api/users/login HTTP/1.1" 200 5 "-" "Mozilla/5.0 (Windows NT 10.0; Win64; x64) AppleWebKit/537.36 (KHTML, like Gecko) Chrome/65.0.3325.181 Safari/537.36" "-"
115.78.5.187 - - [19/Apr/2018:08:27:02 +0000] "POST /api/users/login HTTP/1.1" 200 1173 "https://cavangtyphu.com/" "Mozilla/5.0 (Windows NT 10.0; Win64; x64) AppleWebKit/537.36 (KHTML, like Gecko) Chrome/65.0.3325.181 Safari/537.36" "-"
115.78.5.187 - - [19/Apr/2018:08:27:10 +0000] "OPTIONS /api/users HTTP/1.1" 200 5 "-" "Mozilla/5.0 (Windows NT 10.0; Win64; x64) AppleWebKit/537.36 (KHTML, like Gecko) Chrome/65.0.3325.181 Safari/537.36" "-"
115.78.5.187 - - [19/Apr/2018:08:27:10 +0000] "PUT /api/users HTTP/1.1" 200 413 "https://cavangtyphu.com/" "Mozilla/5.0 (Windows NT 10.0; Win64; x64) AppleWebKit/537.36 (KHTML, like Gecko) Chrome/65.0.3325.181 Safari/537.36" "-"
115.78.5.187 - - [19/Apr/2018:08:27:10 +0000] "OPTIONS /api/users/login HTTP/1.1" 200 5 "-" "Mozilla/5.0 (Windows NT 10.0; Win64; x64) AppleWebKit/537.36 (KHTML, like Gecko) Chrome/65.0.3325.181 Safari/537.36" "-"
115.78.5.187 - - [19/Apr/2018:08:27:11 +0000] "POST /api/users/login HTTP/1.1" 200 1139 "https://cavangtyphu.com/" "Mozilla/5.0 (Windows NT 10.0; Win64; x64) AppleWebKit/537.36 (KHTML, like Gecko) Chrome/65.0.3325.181 Safari/537.36" "-"
123.31.24.16 - - [19/Apr/2018:08:27:12 +0000] "POST /in/empty-coins HTTP/1.1" 200 94 "-" "-" "-"
115.78.5.187 - - [19/Apr/2018:08:27:43 +0000] "OPTIONS /api/users/login HTTP/1.1" 200 5 "-" "Mozilla/5.0 (Windows NT 10.0; Win64; x64) AppleWebKit/537.36 (KHTML, like Gecko) Chrome/65.0.3325.181 Safari/537.36" "-"
115.78.5.187 - - [19/Apr/2018:08:27:44 +0000] "POST /api/users/login HTTP/1.1" 200 1138 "https://cavangtyphu.com/" "Mozilla/5.0 (Windows NT 10.0; Win64; x64) AppleWebKit/537.36 (KHTML, like Gecko) Chrome/65.0.3325.181 Safari/537.36" "-"
123.31.24.16 - - [19/Apr/2018:08:27:45 +0000] "POST /in/empty-coins HTTP/1.1" 200 94 "-" "-" "-"
210.245.103.70 - - [19/Apr/2018:08:28:00 +0000] "POST /api/users/login HTTP/1.1" 200 116 "-" "PostmanRuntime/7.1.1" "-"
115.78.5.187 - - [19/Apr/2018:08:29:14 +0000] "OPTIONS /api/users/login HTTP/1.1" 200 5 "-" "Mozilla/5.0 (Windows NT 10.0; Win64; x64) AppleWebKit/537.36 (KHTML, like Gecko) Chrome/65.0.3325.181 Safari/537.36" "-"
115.78.5.187 - - [19/Apr/2018:08:29:15 +0000] "POST /api/users/login HTTP/1.1" 200 115 "https://cavangtyphu.com/" "Mozilla/5.0 (Windows NT 10.0; Win64; x64) AppleWebKit/537.36 (KHTML, like Gecko) Chrome/65.0.3325.181 Safari/537.36" "-"
115.78.5.187 - - [19/Apr/2018:08:29:48 +0000] "OPTIONS /api/users/login HTTP/1.1" 200 5 "-" "Mozilla/5.0 (Windows NT 10.0; Win64; x64) AppleWebKit/537.36 (KHTML, like Gecko) Chrome/65.0.3325.181 Safari/537.36" "-"
115.78.5.187 - - [19/Apr/2018:08:29:48 +0000] "POST /api/users/login HTTP/1.1" 200 115 "https://cavangtyphu.com/" "Mozilla/5.0 (Windows NT 10.0; Win64; x64) AppleWebKit/537.36 (KHTML, like Gecko) Chrome/65.0.3325.181 Safari/537.36" "-"
115.78.5.187 - - [19/Apr/2018:08:30:38 +0000] "OPTIONS /api/users/login HTTP/1.1" 200 5 "-" "Mozilla/5.0 (Windows NT 10.0; Win64; x64) AppleWebKit/537.36 (KHTML, like Gecko) Chrome/65.0.3325.181 Safari/537.36" "-"
115.78.5.187 - - [19/Apr/2018:08:30:39 +0000] "POST /api/users/login HTTP/1.1" 200 115 "https://cavangtyphu.com/" "Mozilla/5.0 (Windows NT 10.0; Win64; x64) AppleWebKit/537.36 (KHTML, like Gecko) Chrome/65.0.3325.181 Safari/537.36" "-"
115.78.5.187 - - [19/Apr/2018:08:31:02 +0000] "GET /api/captcha? HTTP/1.1" 200 966 "https://cavangtyphu.com/" "Mozilla/5.0 (Windows NT 10.0; Win64; x64) AppleWebKit/537.36 (KHTML, like Gecko) Chrome/65.0.3325.181 Safari/537.36" "-"
115.78.5.187 - - [19/Apr/2018:08:31:15 +0000] "OPTIONS /api/users/login HTTP/1.1" 200 5 "-" "Mozilla/5.0 (Windows NT 10.0; Win64; x64) AppleWebKit/537.36 (KHTML, like Gecko) Chrome/65.0.3325.181 Safari/537.36" "-"
115.78.5.187 - - [19/Apr/2018:08:31:16 +0000] "POST /api/users/login HTTP/1.1" 200 1107 "https://cavangtyphu.com/" "Mozilla/5.0 (Windows NT 10.0; Win64; x64) AppleWebKit/537.36 (KHTML, like Gecko) Chrome/65.0.3325.181 Safari/537.36" "-"
123.31.24.16 - - [19/Apr/2018:08:31:16 +0000] "POST /in/empty-coins HTTP/1.1" 200 94 "-" "-" "-"
115.78.5.187 - - [19/Apr/2018:08:32:42 +0000] "OPTIONS /api/users/login HTTP/1.1" 200 5 "-" "Mozilla/5.0 (Windows NT 10.0; Win64; x64) AppleWebKit/537.36 (KHTML, like Gecko) Chrome/65.0.3325.181 Safari/537.36" "-"
115.78.5.187 - - [19/Apr/2018:08:32:43 +0000] "POST /api/users/login HTTP/1.1" 200 115 "https://cavangtyphu.com/" "Mozilla/5.0 (Windows NT 10.0; Win64; x64) AppleWebKit/537.36 (KHTML, like Gecko) Chrome/65.0.3325.181 Safari/537.36" "-"
115.78.5.187 - - [19/Apr/2018:08:32:47 +0000] "GET /api/captcha? HTTP/1.1" 200 966 "https://cavangtyphu.com/" "Mozilla/5.0 (Windows NT 10.0; Win64; x64) AppleWebKit/537.36 (KHTML, like Gecko) Chrome/65.0.3325.181 Safari/537.36" "-"
115.78.5.187 - - [19/Apr/2018:08:32:56 +0000] "OPTIONS /api/users HTTP/1.1" 200 5 "-" "Mozilla/5.0 (Windows NT 10.0; Win64; x64) AppleWebKit/537.36 (KHTML, like Gecko) Chrome/65.0.3325.181 Safari/537.36" "-"
115.78.5.187 - - [19/Apr/2018:08:32:56 +0000] "POST /api/users HTTP/1.1" 500 483726 "https://cavangtyphu.com/" "Mozilla/5.0 (Windows NT 10.0; Win64; x64) AppleWebKit/537.36 (KHTML, like Gecko) Chrome/65.0.3325.181 Safari/537.36" "-"
115.78.5.187 - - [19/Apr/2018:08:32:59 +0000] "POST /api/users HTTP/1.1" 500 484119 "https://cavangtyphu.com/" "Mozilla/5.0 (Windows NT 10.0; Win64; x64) AppleWebKit/537.36 (KHTML, like Gecko) Chrome/65.0.3325.181 Safari/537.36" "-"
115.78.5.187 - - [19/Apr/2018:08:32:59 +0000] "POST /api/users HTTP/1.1" 500 483695 "https://cavangtyphu.com/" "Mozilla/5.0 (Windows NT 10.0; Win64; x64) AppleWebKit/537.36 (KHTML, like Gecko) Chrome/65.0.3325.181 Safari/537.36" "-"
115.78.5.187 - - [19/Apr/2018:08:32:59 +0000] "POST /api/users HTTP/1.1" 500 484083 "https://cavangtyphu.com/" "Mozilla/5.0 (Windows NT 10.0; Win64; x64) AppleWebKit/537.36 (KHTML, like Gecko) Chrome/65.0.3325.181 Safari/537.36" "-"
115.78.5.187 - - [19/Apr/2018:08:33:00 +0000] "POST /api/users HTTP/1.1" 500 483705 "https://cavangtyphu.com/" "Mozilla/5.0 (Windows NT 10.0; Win64; x64) AppleWebKit/537.36 (KHTML, like Gecko) Chrome/65.0.3325.181 Safari/537.36" "-"
115.78.5.187 - - [19/Apr/2018:08:33:00 +0000] "POST /api/users HTTP/1.1" 500 484030 "https://cavangtyphu.com/" "Mozilla/5.0 (Windows NT 10.0; Win64; x64) AppleWebKit/537.36 (KHTML, like Gecko) Chrome/65.0.3325.181 Safari/537.36" "-"
115.78.5.187 - - [19/Apr/2018:08:33:00 +0000] "POST /api/users HTTP/1.1" 500 484093 "https://cavangtyphu.com/" "Mozilla/5.0 (Windows NT 10.0; Win64; x64) AppleWebKit/537.36 (KHTML, like Gecko) Chrome/65.0.3325.181 Safari/537.36" "-"
115.78.5.187 - - [19/Apr/2018:08:33:00 +0000] "POST /api/users HTTP/1.1" 500 484105 "https://cavangtyphu.com/" "Mozilla/5.0 (Windows NT 10.0; Win64; x64) AppleWebKit/537.36 (KHTML, like Gecko) Chrome/65.0.3325.181 Safari/537.36" "-"
115.78.5.187 - - [19/Apr/2018:08:33:01 +0000] "POST /api/users HTTP/1.1" 500 484073 "https://cavangtyphu.com/" "Mozilla/5.0 (Windows NT 10.0; Win64; x64) AppleWebKit/537.36 (KHTML, like Gecko) Chrome/65.0.3325.181 Safari/537.36" "-"
115.78.5.187 - - [19/Apr/2018:08:33:01 +0000] "POST /api/users HTTP/1.1" 500 484103 "https://cavangtyphu.com/" "Mozilla/5.0 (Windows NT 10.0; Win64; x64) AppleWebKit/537.36 (KHTML, like Gecko) Chrome/65.0.3325.181 Safari/537.36" "-"
115.78.5.187 - - [19/Apr/2018:08:33:01 +0000] "POST /api/users HTTP/1.1" 500 484098 "https://cavangtyphu.com/" "Mozilla/5.0 (Windows NT 10.0; Win64; x64) AppleWebKit/537.36 (KHTML, like Gecko) Chrome/65.0.3325.181 Safari/537.36" "-"
115.78.5.187 - - [19/Apr/2018:08:33:01 +0000] "POST /api/users HTTP/1.1" 500 484133 "https://cavangtyphu.com/" "Mozilla/5.0 (Windows NT 10.0; Win64; x64) AppleWebKit/537.36 (KHTML, like Gecko) Chrome/65.0.3325.181 Safari/537.36" "-"
115.78.5.187 - - [19/Apr/2018:08:33:24 +0000] "OPTIONS /api/users/login HTTP/1.1" 200 5 "-" "Mozilla/5.0 (Windows NT 10.0; Win64; x64) AppleWebKit/537.36 (KHTML, like Gecko) Chrome/65.0.3325.181 Safari/537.36" "-"
115.78.5.187 - - [19/Apr/2018:08:33:24 +0000] "POST /api/users/login HTTP/1.1" 500 483967 "https://cavangtyphu.com/" "Mozilla/5.0 (Windows NT 10.0; Win64; x64) AppleWebKit/537.36 (KHTML, like Gecko) Chrome/65.0.3325.181 Safari/537.36" "-"
115.78.5.187 - - [19/Apr/2018:08:33:28 +0000] "POST /api/users/login HTTP/1.1" 500 484339 "https://cavangtyphu.com/" "Mozilla/5.0 (Windows NT 10.0; Win64; x64) AppleWebKit/537.36 (KHTML, like Gecko) Chrome/65.0.3325.181 Safari/537.36" "-"
210.245.103.70 - - [19/Apr/2018:08:34:07 +0000] "POST /api/users/login HTTP/1.1" 200 122 "-" "PostmanRuntime/7.1.1" "-"
115.78.5.187 - - [19/Apr/2018:08:34:36 +0000] "OPTIONS /api/users/login HTTP/1.1" 200 5 "-" "Mozilla/5.0 (Windows NT 10.0; Win64; x64) AppleWebKit/537.36 (KHTML, like Gecko) Chrome/65.0.3325.181 Safari/537.36" "-"
115.78.5.187 - - [19/Apr/2018:08:34:37 +0000] "POST /api/users/login HTTP/1.1" 200 1138 "https://cavangtyphu.com/" "Mozilla/5.0 (Windows NT 10.0; Win64; x64) AppleWebKit/537.36 (KHTML, like Gecko) Chrome/65.0.3325.181 Safari/537.36" "-"
123.31.24.16 - - [19/Apr/2018:08:34:38 +0000] "POST /in/empty-coins HTTP/1.1" 200 94 "-" "-" "-"
146.0.77.29 - - [19/Apr/2018:08:35:07 +0000] "\x03\x00\x00/*\xE0\x00\x00\x00\x00\x00Cookie: mstshash=Administr" 400 174 "-" "-" "-"
115.78.5.187 - - [19/Apr/2018:08:35:22 +0000] "OPTIONS /api/users/login HTTP/1.1" 200 5 "-" "Mozilla/5.0 (Windows NT 10.0; Win64; x64) AppleWebKit/537.36 (KHTML, like Gecko) Chrome/65.0.3325.181 Safari/537.36" "-"
115.78.5.187 - - [19/Apr/2018:08:35:23 +0000] "POST /api/users/login HTTP/1.1" 200 1170 "https://cavangtyphu.com/" "Mozilla/5.0 (Windows NT 10.0; Win64; x64) AppleWebKit/537.36 (KHTML, like Gecko) Chrome/65.0.3325.181 Safari/537.36" "-"
115.78.5.187 - - [19/Apr/2018:08:35:27 +0000] "OPTIONS /api/users HTTP/1.1" 200 5 "-" "Mozilla/5.0 (Windows NT 10.0; Win64; x64) AppleWebKit/537.36 (KHTML, like Gecko) Chrome/65.0.3325.181 Safari/537.36" "-"
115.78.5.187 - - [19/Apr/2018:08:35:27 +0000] "PUT /api/users HTTP/1.1" 200 406 "https://cavangtyphu.com/" "Mozilla/5.0 (Windows NT 10.0; Win64; x64) AppleWebKit/537.36 (KHTML, like Gecko) Chrome/65.0.3325.181 Safari/537.36" "-"
115.78.5.187 - - [19/Apr/2018:08:35:28 +0000] "OPTIONS /api/users/login HTTP/1.1" 200 5 "-" "Mozilla/5.0 (Windows NT 10.0; Win64; x64) AppleWebKit/537.36 (KHTML, like Gecko) Chrome/65.0.3325.181 Safari/537.36" "-"
115.78.5.187 - - [19/Apr/2018:08:35:28 +0000] "POST /api/users/login HTTP/1.1" 200 1135 "https://cavangtyphu.com/" "Mozilla/5.0 (Windows NT 10.0; Win64; x64) AppleWebKit/537.36 (KHTML, like Gecko) Chrome/65.0.3325.181 Safari/537.36" "-"
123.31.24.16 - - [19/Apr/2018:08:35:29 +0000] "POST /in/empty-coins HTTP/1.1" 200 94 "-" "-" "-"
115.78.5.187 - - [19/Apr/2018:08:36:30 +0000] "OPTIONS /api/users/login HTTP/1.1" 200 5 "-" "Mozilla/5.0 (Windows NT 10.0; Win64; x64) AppleWebKit/537.36 (KHTML, like Gecko) Chrome/65.0.3325.181 Safari/537.36" "-"
115.78.5.187 - - [19/Apr/2018:08:36:31 +0000] "POST /api/users/login HTTP/1.1" 200 1133 "https://cavangtyphu.com/" "Mozilla/5.0 (Windows NT 10.0; Win64; x64) AppleWebKit/537.36 (KHTML, like Gecko) Chrome/65.0.3325.181 Safari/537.36" "-"
123.31.24.16 - - [19/Apr/2018:08:36:31 +0000] "POST /in/empty-coins HTTP/1.1" 200 94 "-" "-" "-"
115.78.5.187 - - [19/Apr/2018:08:37:31 +0000] "OPTIONS /api/users/login HTTP/1.1" 200 5 "-" "Mozilla/5.0 (Windows NT 10.0; Win64; x64) AppleWebKit/537.36 (KHTML, like Gecko) Chrome/65.0.3325.181 Safari/537.36" "-"
115.78.5.187 - - [19/Apr/2018:08:37:32 +0000] "POST /api/users/login HTTP/1.1" 200 1134 "https://cavangtyphu.com/" "Mozilla/5.0 (Windows NT 10.0; Win64; x64) AppleWebKit/537.36 (KHTML, like Gecko) Chrome/65.0.3325.181 Safari/537.36" "-"
123.31.24.16 - - [19/Apr/2018:08:37:33 +0000] "POST /in/empty-coins HTTP/1.1" 200 94 "-" "-" "-"
115.78.5.187 - - [19/Apr/2018:08:37:49 +0000] "GET /api/captcha? HTTP/1.1" 200 912 "https://cavangtyphu.com/" "Mozilla/5.0 (Windows NT 10.0; Win64; x64) AppleWebKit/537.36 (KHTML, like Gecko) Chrome/65.0.3325.181 Safari/537.36" "-"
115.78.5.187 - - [19/Apr/2018:08:37:58 +0000] "OPTIONS /api/users HTTP/1.1" 200 5 "-" "Mozilla/5.0 (Windows NT 10.0; Win64; x64) AppleWebKit/537.36 (KHTML, like Gecko) Chrome/65.0.3325.181 Safari/537.36" "-"
115.78.5.187 - - [19/Apr/2018:08:37:58 +0000] "POST /api/users HTTP/1.1" 200 445 "https://cavangtyphu.com/" "Mozilla/5.0 (Windows NT 10.0; Win64; x64) AppleWebKit/537.36 (KHTML, like Gecko) Chrome/65.0.3325.181 Safari/537.36" "-"
115.78.5.187 - - [19/Apr/2018:08:37:59 +0000] "OPTIONS /api/users/login HTTP/1.1" 200 5 "-" "Mozilla/5.0 (Windows NT 10.0; Win64; x64) AppleWebKit/537.36 (KHTML, like Gecko) Chrome/65.0.3325.181 Safari/537.36" "-"
115.78.5.187 - - [19/Apr/2018:08:37:59 +0000] "POST /api/users/login HTTP/1.1" 200 1123 "https://cavangtyphu.com/" "Mozilla/5.0 (Windows NT 10.0; Win64; x64) AppleWebKit/537.36 (KHTML, like Gecko) Chrome/65.0.3325.181 Safari/537.36" "-"
115.78.5.187 - - [19/Apr/2018:08:38:04 +0000] "OPTIONS /api/users HTTP/1.1" 200 5 "-" "Mozilla/5.0 (Windows NT 10.0; Win64; x64) AppleWebKit/537.36 (KHTML, like Gecko) Chrome/65.0.3325.181 Safari/537.36" "-"
115.78.5.187 - - [19/Apr/2018:08:38:04 +0000] "PUT /api/users HTTP/1.1" 200 378 "https://cavangtyphu.com/" "Mozilla/5.0 (Windows NT 10.0; Win64; x64) AppleWebKit/537.36 (KHTML, like Gecko) Chrome/65.0.3325.181 Safari/537.36" "-"
115.78.5.187 - - [19/Apr/2018:08:38:04 +0000] "OPTIONS /api/users/login HTTP/1.1" 200 5 "-" "Mozilla/5.0 (Windows NT 10.0; Win64; x64) AppleWebKit/537.36 (KHTML, like Gecko) Chrome/65.0.3325.181 Safari/537.36" "-"
115.78.5.187 - - [19/Apr/2018:08:38:05 +0000] "POST /api/users/login HTTP/1.1" 200 1107 "https://cavangtyphu.com/" "Mozilla/5.0 (Windows NT 10.0; Win64; x64) AppleWebKit/537.36 (KHTML, like Gecko) Chrome/65.0.3325.181 Safari/537.36" "-"
123.31.24.16 - - [19/Apr/2018:08:38:05 +0000] "POST /in/empty-coins HTTP/1.1" 200 94 "-" "-" "-"
115.78.5.187 - - [19/Apr/2018:08:38:57 +0000] "OPTIONS /api/users/login HTTP/1.1" 200 5 "-" "Mozilla/5.0 (Windows NT 10.0; Win64; x64) AppleWebKit/537.36 (KHTML, like Gecko) Chrome/65.0.3325.181 Safari/537.36" "-"
115.78.5.187 - - [19/Apr/2018:08:38:57 +0000] "POST /api/users/login HTTP/1.1" 200 1110 "https://cavangtyphu.com/" "Mozilla/5.0 (Windows NT 10.0; Win64; x64) AppleWebKit/537.36 (KHTML, like Gecko) Chrome/65.0.3325.181 Safari/537.36" "-"
123.31.24.16 - - [19/Apr/2018:08:38:58 +0000] "POST /in/empty-coins HTTP/1.1" 200 94 "-" "-" "-"
115.78.5.187 - - [19/Apr/2018:08:39:14 +0000] "OPTIONS /api/users/login HTTP/1.1" 200 5 "-" "Mozilla/5.0 (Windows NT 10.0; Win64; x64) AppleWebKit/537.36 (KHTML, like Gecko) Chrome/65.0.3325.181 Safari/537.36" "-"
115.78.5.187 - - [19/Apr/2018:08:39:15 +0000] "POST /api/users/login HTTP/1.1" 200 1140 "https://gamebaionline.club/" "Mozilla/5.0 (Windows NT 10.0; Win64; x64) AppleWebKit/537.36 (KHTML, like Gecko) Chrome/65.0.3325.181 Safari/537.36" "-"
123.31.24.16 - - [19/Apr/2018:08:39:16 +0000] "POST /in/empty-coins HTTP/1.1" 200 94 "-" "-" "-"
115.78.5.187 - - [19/Apr/2018:08:40:52 +0000] "GET /api/captcha? HTTP/1.1" 200 907 "https://cavangtyphu.com/" "Mozilla/5.0 (Windows NT 10.0; Win64; x64) AppleWebKit/537.36 (KHTML, like Gecko) Chrome/65.0.3325.181 Safari/537.36" "-"
115.78.5.187 - - [19/Apr/2018:08:43:06 +0000] "GET /api/captcha? HTTP/1.1" 200 901 "https://cavangtyphu.com/" "Mozilla/5.0 (Windows NT 10.0; Win64; x64) AppleWebKit/537.36 (KHTML, like Gecko) Chrome/65.0.3325.181 Safari/537.36" "-"
115.78.5.187 - - [19/Apr/2018:08:43:17 +0000] "OPTIONS /api/users/login HTTP/1.1" 200 5 "-" "Mozilla/5.0 (Windows NT 10.0; Win64; x64) AppleWebKit/537.36 (KHTML, like Gecko) Chrome/65.0.3325.181 Safari/537.36" "-"
115.78.5.187 - - [19/Apr/2018:08:43:17 +0000] "POST /api/users/login HTTP/1.1" 200 136 "https://cavangtyphu.com/" "Mozilla/5.0 (Windows NT 10.0; Win64; x64) AppleWebKit/537.36 (KHTML, like Gecko) Chrome/65.0.3325.181 Safari/537.36" "-"
115.78.5.187 - - [19/Apr/2018:08:43:18 +0000] "POST /api/users/login HTTP/1.1" 200 136 "https://cavangtyphu.com/" "Mozilla/5.0 (Windows NT 10.0; Win64; x64) AppleWebKit/537.36 (KHTML, like Gecko) Chrome/65.0.3325.181 Safari/537.36" "-"
115.78.5.187 - - [19/Apr/2018:08:43:21 +0000] "POST /api/users/login HTTP/1.1" 200 136 "https://cavangtyphu.com/" "Mozilla/5.0 (Windows NT 10.0; Win64; x64) AppleWebKit/537.36 (KHTML, like Gecko) Chrome/65.0.3325.181 Safari/537.36" "-"
115.78.5.187 - - [19/Apr/2018:08:43:28 +0000] "GET /api/captcha? HTTP/1.1" 200 1003 "https://cavangtyphu.com/" "Mozilla/5.0 (Windows NT 10.0; Win64; x64) AppleWebKit/537.36 (KHTML, like Gecko) Chrome/65.0.3325.181 Safari/537.36" "-"
115.78.5.187 - - [19/Apr/2018:08:43:38 +0000] "OPTIONS /api/users HTTP/1.1" 200 5 "-" "Mozilla/5.0 (Windows NT 10.0; Win64; x64) AppleWebKit/537.36 (KHTML, like Gecko) Chrome/65.0.3325.181 Safari/537.36" "-"
115.78.5.187 - - [19/Apr/2018:08:43:38 +0000] "POST /api/users HTTP/1.1" 200 445 "https://cavangtyphu.com/" "Mozilla/5.0 (Windows NT 10.0; Win64; x64) AppleWebKit/537.36 (KHTML, like Gecko) Chrome/65.0.3325.181 Safari/537.36" "-"
115.78.5.187 - - [19/Apr/2018:08:43:38 +0000] "OPTIONS /api/users/login HTTP/1.1" 200 5 "-" "Mozilla/5.0 (Windows NT 10.0; Win64; x64) AppleWebKit/537.36 (KHTML, like Gecko) Chrome/65.0.3325.181 Safari/537.36" "-"
115.78.5.187 - - [19/Apr/2018:08:43:39 +0000] "POST /api/users/login HTTP/1.1" 200 1120 "https://cavangtyphu.com/" "Mozilla/5.0 (Windows NT 10.0; Win64; x64) AppleWebKit/537.36 (KHTML, like Gecko) Chrome/65.0.3325.181 Safari/537.36" "-"
115.78.5.187 - - [19/Apr/2018:08:43:42 +0000] "OPTIONS /api/users HTTP/1.1" 200 5 "-" "Mozilla/5.0 (Windows NT 10.0; Win64; x64) AppleWebKit/537.36 (KHTML, like Gecko) Chrome/65.0.3325.181 Safari/537.36" "-"
115.78.5.187 - - [19/Apr/2018:08:43:43 +0000] "PUT /api/users HTTP/1.1" 200 378 "https://cavangtyphu.com/" "Mozilla/5.0 (Windows NT 10.0; Win64; x64) AppleWebKit/537.36 (KHTML, like Gecko) Chrome/65.0.3325.181 Safari/537.36" "-"
115.78.5.187 - - [19/Apr/2018:08:43:43 +0000] "POST /api/users/login HTTP/1.1" 200 1104 "https://cavangtyphu.com/" "Mozilla/5.0 (Windows NT 10.0; Win64; x64) AppleWebKit/537.36 (KHTML, like Gecko) Chrome/65.0.3325.181 Safari/537.36" "-"
